Archive member included because of file (symbol)

d:/program files/isystem/winideaopen9/gcc/arm/bin/../lib/gcc/arm-none-eabi/4.9.3/../../../../arm-none-eabi/lib/cortex-m7\libc.a(lib_a-assert.o)
                              D:\Git\Embedeed_Systems\BaseProject\workspace\Debug\pmc.o (__assert_func)
d:/program files/isystem/winideaopen9/gcc/arm/bin/../lib/gcc/arm-none-eabi/4.9.3/../../../../arm-none-eabi/lib/cortex-m7\libc.a(lib_a-fiprintf.o)
                              d:/program files/isystem/winideaopen9/gcc/arm/bin/../lib/gcc/arm-none-eabi/4.9.3/../../../../arm-none-eabi/lib/cortex-m7\libc.a(lib_a-assert.o) (fiprintf)
d:/program files/isystem/winideaopen9/gcc/arm/bin/../lib/gcc/arm-none-eabi/4.9.3/../../../../arm-none-eabi/lib/cortex-m7\libc.a(lib_a-impure.o)
                              D:\Git\Embedeed_Systems\BaseProject\workspace\Debug\dbg_console.o (_impure_ptr)
d:/program files/isystem/winideaopen9/gcc/arm/bin/../lib/gcc/arm-none-eabi/4.9.3/../../../../arm-none-eabi/lib/cortex-m7\libc.a(lib_a-memcpy.o)
                              D:\Git\Embedeed_Systems\BaseProject\workspace\Debug\board_memories.o (memcpy)
d:/program files/isystem/winideaopen9/gcc/arm/bin/../lib/gcc/arm-none-eabi/4.9.3/../../../../arm-none-eabi/lib/cortex-m7\libc.a(lib_a-printf.o)
                              D:\Git\Embedeed_Systems\BaseProject\workspace\Debug\dbg_console.o (printf)
d:/program files/isystem/winideaopen9/gcc/arm/bin/../lib/gcc/arm-none-eabi/4.9.3/../../../../arm-none-eabi/lib/cortex-m7\libc.a(lib_a-putchar.o)
                              D:\Git\Embedeed_Systems\BaseProject\workspace\Debug\dbg_console.o (putchar)
d:/program files/isystem/winideaopen9/gcc/arm/bin/../lib/gcc/arm-none-eabi/4.9.3/../../../../arm-none-eabi/lib/cortex-m7\libc.a(lib_a-setvbuf.o)
                              D:\Git\Embedeed_Systems\BaseProject\workspace\Debug\dbg_console.o (setvbuf)
d:/program files/isystem/winideaopen9/gcc/arm/bin/../lib/gcc/arm-none-eabi/4.9.3/../../../../arm-none-eabi/lib/cortex-m7\libc.a(lib_a-vfiprintf.o)
                              d:/program files/isystem/winideaopen9/gcc/arm/bin/../lib/gcc/arm-none-eabi/4.9.3/../../../../arm-none-eabi/lib/cortex-m7\libc.a(lib_a-fiprintf.o) (_vfiprintf_r)
d:/program files/isystem/winideaopen9/gcc/arm/bin/../lib/gcc/arm-none-eabi/4.9.3/../../../../arm-none-eabi/lib/cortex-m7\libc.a(lib_a-vfprintf.o)
                              d:/program files/isystem/winideaopen9/gcc/arm/bin/../lib/gcc/arm-none-eabi/4.9.3/../../../../arm-none-eabi/lib/cortex-m7\libc.a(lib_a-printf.o) (_vfprintf_r)
d:/program files/isystem/winideaopen9/gcc/arm/bin/../lib/gcc/arm-none-eabi/4.9.3/../../../../arm-none-eabi/lib/cortex-m7\libc.a(lib_a-wsetup.o)
                              d:/program files/isystem/winideaopen9/gcc/arm/bin/../lib/gcc/arm-none-eabi/4.9.3/../../../../arm-none-eabi/lib/cortex-m7\libc.a(lib_a-vfiprintf.o) (__swsetup_r)
d:/program files/isystem/winideaopen9/gcc/arm/bin/../lib/gcc/arm-none-eabi/4.9.3/../../../../arm-none-eabi/lib/cortex-m7\libc.a(lib_a-abort.o)
                              d:/program files/isystem/winideaopen9/gcc/arm/bin/../lib/gcc/arm-none-eabi/4.9.3/../../../../arm-none-eabi/lib/cortex-m7\libc.a(lib_a-assert.o) (abort)
d:/program files/isystem/winideaopen9/gcc/arm/bin/../lib/gcc/arm-none-eabi/4.9.3/../../../../arm-none-eabi/lib/cortex-m7\libc.a(lib_a-dtoa.o)
                              d:/program files/isystem/winideaopen9/gcc/arm/bin/../lib/gcc/arm-none-eabi/4.9.3/../../../../arm-none-eabi/lib/cortex-m7\libc.a(lib_a-vfprintf.o) (_dtoa_r)
d:/program files/isystem/winideaopen9/gcc/arm/bin/../lib/gcc/arm-none-eabi/4.9.3/../../../../arm-none-eabi/lib/cortex-m7\libc.a(lib_a-fflush.o)
                              d:/program files/isystem/winideaopen9/gcc/arm/bin/../lib/gcc/arm-none-eabi/4.9.3/../../../../arm-none-eabi/lib/cortex-m7\libc.a(lib_a-setvbuf.o) (_fflush_r)
d:/program files/isystem/winideaopen9/gcc/arm/bin/../lib/gcc/arm-none-eabi/4.9.3/../../../../arm-none-eabi/lib/cortex-m7\libc.a(lib_a-findfp.o)
                              d:/program files/isystem/winideaopen9/gcc/arm/bin/../lib/gcc/arm-none-eabi/4.9.3/../../../../arm-none-eabi/lib/cortex-m7\libc.a(lib_a-setvbuf.o) (_cleanup_r)
d:/program files/isystem/winideaopen9/gcc/arm/bin/../lib/gcc/arm-none-eabi/4.9.3/../../../../arm-none-eabi/lib/cortex-m7\libc.a(lib_a-fputwc.o)
                              d:/program files/isystem/winideaopen9/gcc/arm/bin/../lib/gcc/arm-none-eabi/4.9.3/../../../../arm-none-eabi/lib/cortex-m7\libc.a(lib_a-vfiprintf.o) (_fputwc_r)
d:/program files/isystem/winideaopen9/gcc/arm/bin/../lib/gcc/arm-none-eabi/4.9.3/../../../../arm-none-eabi/lib/cortex-m7\libc.a(lib_a-freer.o)
                              d:/program files/isystem/winideaopen9/gcc/arm/bin/../lib/gcc/arm-none-eabi/4.9.3/../../../../arm-none-eabi/lib/cortex-m7\libc.a(lib_a-setvbuf.o) (_free_r)
[...]
Memory Configuration

Name             Origin             Length             Attributes
rom              0x00400000         0x00200000         xr
ram              0x20400000         0x00050000         xrw
ram_heap         0x20450000         0x00010000         xrw
sdram            0x70000000         0x00200000         xrw
*default*        0x00000000         0xffffffff

Linker script and memory map

LOAD D:\Git\Embedeed_Systems\BaseProject\workspace\Debug\dbg_console.o
LOAD D:\Git\Embedeed_Systems\BaseProject\workspace\Debug\board_lowlevel.o
LOAD D:\Git\Embedeed_Systems\BaseProject\workspace\Debug\board_memories.o
LOAD D:\Git\Embedeed_Systems\BaseProject\workspace\Debug\exceptions.o
LOAD D:\Git\Embedeed_Systems\BaseProject\workspace\Debug\pio.o
LOAD D:\Git\Embedeed_Systems\BaseProject\workspace\Debug\mpu.o
LOAD D:\Git\Embedeed_Systems\BaseProject\workspace\Debug\pmc.o
LOAD D:\Git\Embedeed_Systems\BaseProject\workspace\Debug\uart.o
LOAD D:\Git\Embedeed_Systems\BaseProject\workspace\Debug\wdt.o
LOAD D:\Git\Embedeed_Systems\BaseProject\workspace\Debug\pio_it.o
LOAD D:\Git\Embedeed_Systems\BaseProject\workspace\Debug\supc.o
LOAD D:\Git\Embedeed_Systems\BaseProject\workspace\Debug\tc.o
LOAD D:\Git\Embedeed_Systems\BaseProject\workspace\Debug\xdma_hardware_interface.o
LOAD D:\Git\Embedeed_Systems\BaseProject\workspace\Debug\xdmac.o
LOAD D:\Git\Embedeed_Systems\BaseProject\workspace\Debug\xdmad.o
LOAD D:\Git\Embedeed_Systems\BaseProject\workspace\Debug\syscalls.o
LOAD D:\Git\Embedeed_Systems\BaseProject\workspace\Debug\system_sam.o
LOAD D:\Git\Embedeed_Systems\BaseProject\workspace\Debug\timetick.o
LOAD D:\Git\Embedeed_Systems\BaseProject\workspace\Debug\app_scheduler.o
LOAD D:\Git\Embedeed_Systems\BaseProject\workspace\Debug\Tasks.o
LOAD D:\Git\Embedeed_Systems\BaseProject\workspace\Debug\led.o
LOAD D:\Git\Embedeed_Systems\BaseProject\workspace\Debug\main.o
LOAD D:\Git\Embedeed_Systems\BaseProject\workspace\Debug\startup_sam.o
                0x00002000                STACK_SIZE = DEFINED (STACK_SIZE)?STACK_SIZE:0x2000
                0x00001000                HEAP_SIZE = DEFINED (HEAP_SIZE)?HEAP_SIZE:0x1000
                0x00010000                MY_HEAP_SIZE = DEFINED (MY_HEAP_SIZE)?MY_HEAP_SIZE:0x10000

.text           0x00400000     0x96e0
                0x00400000                . = ALIGN (0x4)
                0x00400000                _sfixed = .
 *(.vectors .vectors.*)
 .vectors       0x00400000      0x140 D:\Git\Embedeed_Systems\BaseProject\workspace\Debug\startup_sam.o
                0x00400000                exception_table
 *(.text .text.* .gnu.linkonce.t.*)
 .text          0x00400140      0x56c D:\Git\Embedeed_Systems\BaseProject\workspace\Debug\dbg_console.o
                0x00400140                DBG_Configure
                0x004001f0                DBG_PutChar
                0x00400244                DBG_GetChar
                0x00400288                DBG_IsRxReady
                0x004002c0                DBG_DumpFrame
                0x00400304                DBG_DumpMemory
                0x00400468                DBG_GetInteger
                0x00400538                DBG_GetIntegerMinMax
                0x00400598                DBG_GetHexa32
                0x00400640                puts
                0x0040066c                gets
 .text          0x004006ac      0x19c D:\Git\Embedeed_Systems\BaseProject\workspace\Debug\board_lowlevel.o
                0x004006ac                _SetupMemoryRegion
                0x00400838                LowLevelInit
 .text          0x00400848       0xe8 D:\Git\Embedeed_Systems\BaseProject\workspace\Debug\exceptions.o
                0x00400848                NMI_Handler
                0x004008d0                HardFault_Handler
                0x004008e4                MemManage_Handler
                0x004008fc                BusFault_Handler
                0x00400918                UsageFault_Handler
 .text          0x00400930      0x540 D:\Git\Embedeed_Systems\BaseProject\workspace\Debug\pio.o
                0x00400ba0                PIO_Configure
                0x00400d04                PIO_Set
                0x00400d20                PIO_Clear
                0x00400d3c                PIO_Get
                0x00400d84                PIO_GetOutputDataStatus
                0x00400db0                PIO_SetDebounceFilter
                0x00400dec                PIO_EnableWriteProtect
                0x00400e10                PIO_DisableWriteProtect
                0x00400e34                PIO_GetWriteProtectViolationInfo
                0x00400e54                PIO_SetPinType
 .text          0x00400e70       0xf0 D:\Git\Embedeed_Systems\BaseProject\workspace\Debug\mpu.o
                0x00400e70                MPU_Enable
                0x00400e8c                MPU_SetRegionNum
                0x00400ea8                MPU_DisableRegion
                0x00400ec4                MPU_SetRegion
                0x00400ee8                MPU_CalMPURegionSize
                0x00400f28                MPU_UpdateRegions
 .text          0x00400f60      0x76c D:\Git\Embedeed_Systems\BaseProject\workspace\Debug\pmc.o
                0x00401034                PMC_EnablePeripheral
                0x004010c4                PMC_DisablePeripheral
                0x00401154                PMC_EnableAllPeripherals
                0x00401194                PMC_DisableAllPeripherals
                0x004011d0                PMC_IsPeriphEnabled
                0x0040122c                PMC_EnableExtOsc
                0x004012a8                PMC_DisableExtOsc
                0x004012e4                PMC_SelectExtOsc
                0x00401350                PMC_SelectExtBypassOsc
                0x004013bc                PMC_EnableIntRC4_8_12MHz
                0x00401448                PMC_DisableIntRC4_8_12MHz
                0x0040148c                PMC_SetPllaClock
                0x004014e4                PMC_SetMckSelection
                0x00401528                PMC_DisableAllClocks
                0x00401578                PMC_ConfigureMckWithPlla
                0x004015b0                PMC_EnableXT32KFME
                0x004015dc                PMC_ConfigurePCK0
                0x0040162c                PMC_ConfigurePCK1
                0x0040167c                PMC_ConfigurePCK2
 .text          0x004016cc       0xa8 D:\Git\Embedeed_Systems\BaseProject\workspace\Debug\wdt.o
                0x004016cc                WDT_Enable
                0x004016e8                WDT_Disable
                0x00401704                WDT_Restart
                0x00401720                WDT_GetStatus
                0x0040173c                WDT_GetPeriod
 .text          0x00401774      0x4ac D:\Git\Embedeed_Systems\BaseProject\workspace\Debug\pio_it.o
                0x00401860                PioInterruptHandler
                0x00401910                PIOA_Handler
                0x00401924                PIOB_Handler
                0x00401938                PIOC_Handler
                0x0040194c                PIOD_Handler
                0x00401960                PIOE_Handler
                0x00401974                PIO_InitializeInterrupts
                0x00401a7c                PIO_ConfigureIt
                0x00401b58                PIO_EnableIt
                0x00401be8                PIO_DisableIt
 .text          0x00401c20      0x164 D:\Git\Embedeed_Systems\BaseProject\workspace\Debug\syscalls.o
                0x00401c20                _sbrk
                0x00401c60                link
                0x00401c7c                _close
                0x00401c94                _fstat
                0x00401cb4                _isatty
                0x00401ccc                _lseek
                0x00401ce8                _read
                0x00401d04                _write
                0x00401d40                _exit
                0x00401d58                _kill
                0x00401d70                _getpid
 .text          0x00401d84      0x378 D:\Git\Embedeed_Systems\BaseProject\workspace\Debug\system_sam.o
                0x00401d84                SystemInit
                0x00401e90                SystemCoreClockUpdate
                0x00401ff8                system_init_flash
                0x0040208c                sysclk_enable_usb
                0x004020c8                sysclk_disable_usb
 .text          0x004020fc      0x33c D:\Git\Embedeed_Systems\BaseProject\workspace\Debug\timetick.o
                0x00402194                SysTick_Handler
                0x0040221c                SetTimeEvent
                0x00402238                TimeTick_Configure
                0x004022f8                GetDelayInTicks
                0x00402344                GetTicks
                0x00402378                Wait
                0x004023d8                Sleep
 .text          0x00402438      0x26c D:\Git\Embedeed_Systems\BaseProject\workspace\Debug\app_scheduler.o
                0x00402438                vfnScheduler_Callback
                0x00402564                vfnScheduler_Init
                0x004025e8                vfnScheduler_Start
                0x00402604                vfnScheduler_Stop
                0x0040261c                vfnTask_Scheduler
 .text          0x004026a4       0xa4 D:\Git\Embedeed_Systems\BaseProject\workspace\Debug\Tasks.o
                0x004026a4                vfnTsk_1ms
                0x004026b0                vfnTsk_2msA
                0x004026bc                vfnTsk_2msB
                0x004026c8                vfnTsk_10ms
                0x004026f4                vfnTsk_50ms
                0x00402700                vfnTsk_100ms
 .text          0x00402748      0x168 D:\Git\Embedeed_Systems\BaseProject\workspace\Debug\led.o
                0x00402748                LED_Configure
                0x00402780                LED_Set
                0x004027e4                LED_Clear
                0x00402848                LED_Toggle
 .text          0x004028b0      0x164 D:\Git\Embedeed_Systems\BaseProject\workspace\Debug\main.o
                0x004029a0                main
 .text          0x00402a14       0xe0 D:\Git\Embedeed_Systems\BaseProject\workspace\Debug\startup_sam.o
                0x00402a54                Reset_Handler
                0x00402aec                DebugMon_Handler
                0x00402aec                UART3_Handler
                0x00402aec                UART2_Handler
                0x00402aec                TRNG_Handler
                0x00402aec                TC2_Handler
                0x00402aec                AFEC1_Handler
                0x00402aec                PendSV_Handler
                0x00402aec                TC7_Handler
                0x00402aec                QSPI_Handler
                0x00402aec                ISI_Handler
                0x00402aec                TC9_Handler
                0x00402aec                RSWDT_Handler
                0x00402aec                MCAN1_Handler
                0x00402aec                USART0_Handler
                0x00402aec                RTT_Handler
                0x00402aec                USBHS_Handler
                0x00402aec                CCF_Handler
                0x00402aec                RTC_Handler
                0x00402aec                TC6_Handler
                0x00402aec                WDT_Handler
                0x00402aec                TC4_Handler
                0x00402aec                TC1_Handler
                0x00402aec                HSMCI_Handler
                0x00402aec                UART1_Handler
                0x00402aec                DACC_Handler
                0x00402aec                TC3_Handler
                0x00402aec                Dummy_Handler
                0x00402aec                TWIHS1_Handler
                0x00402aec                XDMAC_Handler
                0x00402aec                UART4_Handler
                0x00402aec                PWM1_Handler
                0x00402aec                USART1_Handler
                0x00402aec                PWM0_Handler
                0x00402aec                AFEC0_Handler
                0x00402aec                CCW_Handler
                0x00402aec                TC11_Handler
                0x00402aec                SSC_Handler
                0x00402aec                ACC_Handler
                0x00402aec                PMC_Handler
                0x00402aec                GMAC_Handler
                0x00402aec                SUPC_Handler
                0x00402aec                SVC_Handler
                0x00402aec                TC8_Handler
                0x00402aec                GMACQ2_Handler
                0x00402aec                EFC_Handler
                0x00402aec                USART2_Handler
                0x00402aec                SDRAMC_Handler
                0x00402aec                SPI1_Handler
                0x00402aec                MCAN0_Handler
                0x00402aec                TC10_Handler
                0x00402aec                TWIHS2_Handler
                0x00402aec                MLB_Handler
                0x00402aec                UART0_Handler
                0x00402aec                GMACQ1_Handler
                0x00402aec                MCAN1_Line1_Handler
                0x00402aec                FPU_Handler
                0x00402aec                RSTC_Handler
                0x00402aec                TC0_Handler
                0x00402aec                MCAN0_Line1_Handler
                0x00402aec                TC5_Handler
                0x00402aec                AES_Handler
                0x00402aec                ICM_Handler
                0x00402aec                TWIHS0_Handler
                0x00402aec                SPI0_Handler
 .text.__assert_func
                0x00402af4       0x3c d:/program files/isystem/winideaopen9/gcc/arm/bin/../lib/gcc/arm-none-eabi/4.9.3/../../../../arm-none-eabi/lib/cortex-m7\libc.a(lib_a-assert.o)
                0x00402af4                __assert_func
 .text.fiprintf
                0x00402b30       0x28 d:/program files/isystem/winideaopen9/gcc/arm/bin/../lib/gcc/arm-none-eabi/4.9.3/../../../../arm-none-eabi/lib/cortex-m7\libc.a(lib_a-fiprintf.o)
                0x00402b30                fiprintf
 .text          0x00402b58      0x134 d:/program files/isystem/winideaopen9/gcc/arm/bin/../lib/gcc/arm-none-eabi/4.9.3/../../../../arm-none-eabi/lib/cortex-m7\libc.a(lib_a-memcpy.o)
                0x00402b58                memcpy
 .text.printf   0x00402c8c       0x28 d:/program files/isystem/winideaopen9/gcc/arm/bin/../lib/gcc/arm-none-eabi/4.9.3/../../../../arm-none-eabi/lib/cortex-m7\libc.a(lib_a-printf.o)
                0x00402c8c                printf
 .text.putchar  0x00402cb4       0x10 d:/program files/isystem/winideaopen9/gcc/arm/bin/../lib/gcc/arm-none-eabi/4.9.3/../../../../arm-none-eabi/lib/cortex-m7\libc.a(lib_a-putchar.o)
                0x00402cb4                putchar
 .text.setvbuf  0x00402cc4       0xfc d:/program files/isystem/winideaopen9/gcc/arm/bin/../lib/gcc/arm-none-eabi/4.9.3/../../../../arm-none-eabi/lib/cortex-m7\libc.a(lib_a-setvbuf.o)
                0x00402cc4                setvbuf
 .text.__sprint_r.part.0
                0x00402dc0       0x78 d:/program files/isystem/winideaopen9/gcc/arm/bin/../lib/gcc/arm-none-eabi/4.9.3/../../../../arm-none-eabi/lib/cortex-m7\libc.a(lib_a-vfiprintf.o)
 .text.__sprint_r
                0x00402e38       0x18 d:/program files/isystem/winideaopen9/gcc/arm/bin/../lib/gcc/arm-none-eabi/4.9.3/../../../../arm-none-eabi/lib/cortex-m7\libc.a(lib_a-vfiprintf.o)
                0x00402e38                __sprint_r
 .text._vfiprintf_r
                0x00402e50      0xbf4 d:/program files/isystem/winideaopen9/gcc/arm/bin/../lib/gcc/arm-none-eabi/4.9.3/../../../../arm-none-eabi/lib/cortex-m7\libc.a(lib_a-vfiprintf.o)
                0x00402e50                _vfiprintf_r
 .text.__sbprintf
                0x00403a44       0x80 d:/program files/isystem/winideaopen9/gcc/arm/bin/../lib/gcc/arm-none-eabi/4.9.3/../../../../arm-none-eabi/lib/cortex-m7\libc.a(lib_a-vfiprintf.o)
 .text._vfprintf_r
                0x00403ac4     0x1554 d:/program files/isystem/winideaopen9/gcc/arm/bin/../lib/gcc/arm-none-eabi/4.9.3/../../../../arm-none-eabi/lib/cortex-m7\libc.a(lib_a-vfprintf.o)
                0x00403ac4                _vfprintf_r
 .text.__sbprintf
                0x00405018       0x80 d:/program files/isystem/winideaopen9/gcc/arm/bin/../lib/gcc/arm-none-eabi/4.9.3/../../../../arm-none-eabi/lib/cortex-m7\libc.a(lib_a-vfprintf.o)
 .text.__swsetup_r
                0x00405098       0xc4 d:/program files/isystem/winideaopen9/gcc/arm/bin/../lib/gcc/arm-none-eabi/4.9.3/../../../../arm-none-eabi/lib/cortex-m7\libc.a(lib_a-wsetup.o)
                0x00405098                __swsetup_r
 .text.abort    0x0040515c       0x10 d:/program files/isystem/winideaopen9/gcc/arm/bin/../lib/gcc/arm-none-eabi/4.9.3/../../../../arm-none-eabi/lib/cortex-m7\libc.a(lib_a-abort.o)
                0x0040515c                abort
 .text.quorem   0x0040516c      0x140 d:/program files/isystem/winideaopen9/gcc/arm/bin/../lib/gcc/arm-none-eabi/4.9.3/../../../../arm-none-eabi/lib/cortex-m7\libc.a(lib_a-dtoa.o)
 *fill*         0x004052ac        0x4 
 .text._dtoa_r  0x004052b0      0xee8 d:/program files/isystem/winideaopen9/gcc/arm/bin/../lib/gcc/arm-none-eabi/4.9.3/../../../../arm-none-eabi/lib/cortex-m7\libc.a(lib_a-dtoa.o)
                0x004052b0                _dtoa_r
 .text.__sflush_r
                0x00406198      0x148 d:/program files/isystem/winideaopen9/gcc/arm/bin/../lib/gcc/arm-none-eabi/4.9.3/../../../../arm-none-eabi/lib/cortex-m7\libc.a(lib_a-fflush.o)
                0x00406198                __sflush_r
 .text._fflush_r
                0x004062e0       0x2c d:/program files/isystem/winideaopen9/gcc/arm/bin/../lib/gcc/arm-none-eabi/4.9.3/../../../../arm-none-eabi/lib/cortex-m7\libc.a(lib_a-fflush.o)
                0x004062e0                _fflush_r
 .text._cleanup_r
                0x0040630c        0xc d:/program files/isystem/winideaopen9/gcc/arm/bin/../lib/gcc/arm-none-eabi/4.9.3/../../../../arm-none-eabi/lib/cortex-m7\libc.a(lib_a-findfp.o)
                0x0040630c                _cleanup_r
 .text.__sinit.part.1
                0x00406318       0xfc d:/program files/isystem/winideaopen9/gcc/arm/bin/../lib/gcc/arm-none-eabi/4.9.3/../../../../arm-none-eabi/lib/cortex-m7\libc.a(lib_a-findfp.o)
 .text.__sinit  0x00406414        0xc d:/program files/isystem/winideaopen9/gcc/arm/bin/../lib/gcc/arm-none-eabi/4.9.3/../../../../arm-none-eabi/lib/cortex-m7\libc.a(lib_a-findfp.o)
                0x00406414                __sinit
 .text.__sfp_lock_acquire
                0x00406420        0x4 d:/program files/isystem/winideaopen9/gcc/arm/bin/../lib/gcc/arm-none-eabi/4.9.3/../../../../arm-none-eabi/lib/cortex-m7\libc.a(lib_a-findfp.o)
                0x00406420                __sfp_lock_acquire
 .text.__sfp_lock_release
                0x00406424        0x4 d:/program files/isystem/winideaopen9/gcc/arm/bin/../lib/gcc/arm-none-eabi/4.9.3/../../../../arm-none-eabi/lib/cortex-m7\libc.a(lib_a-findfp.o)
                0x00406424                __sfp_lock_release
 .text.__fputwc
                0x00406428       0xb0 d:/program files/isystem/winideaopen9/gcc/arm/bin/../lib/gcc/arm-none-eabi/4.9.3/../../../../arm-none-eabi/lib/cortex-m7\libc.a(lib_a-fputwc.o)
                0x00406428                __fputwc
 .text._fputwc_r
                0x004064d8       0x24 d:/program files/isystem/winideaopen9/gcc/arm/bin/../lib/gcc/arm-none-eabi/4.9.3/../../../../arm-none-eabi/lib/cortex-m7\libc.a(lib_a-fputwc.o)
                0x004064d8                _fputwc_r
 .text._malloc_trim_r
                0x004064fc       0x9c d:/program files/isystem/winideaopen9/gcc/arm/bin/../lib/gcc/arm-none-eabi/4.9.3/../../../../arm-none-eabi/lib/cortex-m7\libc.a(lib_a-freer.o)
                0x004064fc                _malloc_trim_r
 .text._free_r  0x00406598      0x1b0 d:/program files/isystem/winideaopen9/gcc/arm/bin/../lib/gcc/arm-none-eabi/4.9.3/../../../../arm-none-eabi/lib/cortex-m7\libc.a(lib_a-freer.o)
                0x00406598                _free_r
 .text.__sfvwrite_r
                0x00406748      0x324 d:/program files/isystem/winideaopen9/gcc/arm/bin/../lib/gcc/arm-none-eabi/4.9.3/../../../../arm-none-eabi/lib/cortex-m7\libc.a(lib_a-fvwrite.o)
                0x00406748                __sfvwrite_r
 .text._fwalk_reent
                0x00406a6c       0x50 d:/program files/isystem/winideaopen9/gcc/arm/bin/../lib/gcc/arm-none-eabi/4.9.3/../../../../arm-none-eabi/lib/cortex-m7\libc.a(lib_a-fwalk.o)
                0x00406a6c                _fwalk_reent
 .text.__locale_charset
                0x00406abc        0x8 d:/program files/isystem/winideaopen9/gcc/arm/bin/../lib/gcc/arm-none-eabi/4.9.3/../../../../arm-none-eabi/lib/cortex-m7\libc.a(lib_a-locale.o)
                0x00406abc                __locale_charset
 .text.__locale_mb_cur_max
                0x00406ac4        0xc d:/program files/isystem/winideaopen9/gcc/arm/bin/../lib/gcc/arm-none-eabi/4.9.3/../../../../arm-none-eabi/lib/cortex-m7\libc.a(lib_a-locale.o)
                0x00406ac4                __locale_mb_cur_max
 .text._localeconv_r
                0x00406ad0        0x8 d:/program files/isystem/winideaopen9/gcc/arm/bin/../lib/gcc/arm-none-eabi/4.9.3/../../../../arm-none-eabi/lib/cortex-m7\libc.a(lib_a-locale.o)
                0x00406ad0                _localeconv_r
 .text.__smakebuf_r
                0x00406ad8       0xe4 d:/program files/isystem/winideaopen9/gcc/arm/bin/../lib/gcc/arm-none-eabi/4.9.3/../../../../arm-none-eabi/lib/cortex-m7\libc.a(lib_a-makebuf.o)
                0x00406ad8                __smakebuf_r
 .text.malloc   0x00406bbc       0x10 d:/program files/isystem/winideaopen9/gcc/arm/bin/../lib/gcc/arm-none-eabi/4.9.3/../../../../arm-none-eabi/lib/cortex-m7\libc.a(lib_a-malloc.o)
                0x00406bbc                malloc
 .text._malloc_r
                0x00406bcc      0x558 d:/program files/isystem/winideaopen9/gcc/arm/bin/../lib/gcc/arm-none-eabi/4.9.3/../../../../arm-none-eabi/lib/cortex-m7\libc.a(lib_a-mallocr.o)
                0x00406bcc                _malloc_r
 .text.memchr   0x00407124       0x90 d:/program files/isystem/winideaopen9/gcc/arm/bin/../lib/gcc/arm-none-eabi/4.9.3/../../../../arm-none-eabi/lib/cortex-m7\libc.a(lib_a-memchr.o)
                0x00407124                memchr
 .text.memmove  0x004071b4       0xc4 d:/program files/isystem/winideaopen9/gcc/arm/bin/../lib/gcc/arm-none-eabi/4.9.3/../../../../arm-none-eabi/lib/cortex-m7\libc.a(lib_a-memmove.o)
                0x004071b4                memmove
 .text.memset   0x00407278       0xa0 d:/program files/isystem/winideaopen9/gcc/arm/bin/../lib/gcc/arm-none-eabi/4.9.3/../../../../arm-none-eabi/lib/cortex-m7\libc.a(lib_a-memset.o)
                0x00407278                memset
 .text.__malloc_lock
                0x00407318        0x4 d:/program files/isystem/winideaopen9/gcc/arm/bin/../lib/gcc/arm-none-eabi/4.9.3/../../../../arm-none-eabi/lib/cortex-m7\libc.a(lib_a-mlock.o)
                0x00407318                __malloc_lock
 .text.__malloc_unlock
                0x0040731c        0x4 d:/program files/isystem/winideaopen9/gcc/arm/bin/../lib/gcc/arm-none-eabi/4.9.3/../../../../arm-none-eabi/lib/cortex-m7\libc.a(lib_a-mlock.o)
                0x0040731c                __malloc_unlock
 .text._Balloc  0x00407320       0x50 d:/program files/isystem/winideaopen9/gcc/arm/bin/../lib/gcc/arm-none-eabi/4.9.3/../../../../arm-none-eabi/lib/cortex-m7\libc.a(lib_a-mprec.o)
                0x00407320                _Balloc
 .text._Bfree   0x00407370       0x14 d:/program files/isystem/winideaopen9/gcc/arm/bin/../lib/gcc/arm-none-eabi/4.9.3/../../../../arm-none-eabi/lib/cortex-m7\libc.a(lib_a-mprec.o)
                0x00407370                _Bfree
 .text.__multadd
                0x00407384       0x84 d:/program files/isystem/winideaopen9/gcc/arm/bin/../lib/gcc/arm-none-eabi/4.9.3/../../../../arm-none-eabi/lib/cortex-m7\libc.a(lib_a-mprec.o)
                0x00407384                __multadd
 .text.__hi0bits
                0x00407408       0x44 d:/program files/isystem/winideaopen9/gcc/arm/bin/../lib/gcc/arm-none-eabi/4.9.3/../../../../arm-none-eabi/lib/cortex-m7\libc.a(lib_a-mprec.o)
                0x00407408                __hi0bits
 .text.__lo0bits
                0x0040744c       0x64 d:/program files/isystem/winideaopen9/gcc/arm/bin/../lib/gcc/arm-none-eabi/4.9.3/../../../../arm-none-eabi/lib/cortex-m7\libc.a(lib_a-mprec.o)
                0x0040744c                __lo0bits
 .text.__i2b    0x004074b0       0x14 d:/program files/isystem/winideaopen9/gcc/arm/bin/../lib/gcc/arm-none-eabi/4.9.3/../../../../arm-none-eabi/lib/cortex-m7\libc.a(lib_a-mprec.o)
                0x004074b0                __i2b
 .text.__multiply
                0x004074c4      0x144 d:/program files/isystem/winideaopen9/gcc/arm/bin/../lib/gcc/arm-none-eabi/4.9.3/../../../../arm-none-eabi/lib/cortex-m7\libc.a(lib_a-mprec.o)
                0x004074c4                __multiply
 .text.__pow5mult
                0x00407608       0xa0 d:/program files/isystem/winideaopen9/gcc/arm/bin/../lib/gcc/arm-none-eabi/4.9.3/../../../../arm-none-eabi/lib/cortex-m7\libc.a(lib_a-mprec.o)
                0x00407608                __pow5mult
 .text.__lshift
                0x004076a8       0xb4 d:/program files/isystem/winideaopen9/gcc/arm/bin/../lib/gcc/arm-none-eabi/4.9.3/../../../../arm-none-eabi/lib/cortex-m7\libc.a(lib_a-mprec.o)
                0x004076a8                __lshift
 .text.__mcmp   0x0040775c       0x48 d:/program files/isystem/winideaopen9/gcc/arm/bin/../lib/gcc/arm-none-eabi/4.9.3/../../../../arm-none-eabi/lib/cortex-m7\libc.a(lib_a-mprec.o)
                0x0040775c                __mcmp
 .text.__mdiff  0x004077a4       0xe4 d:/program files/isystem/winideaopen9/gcc/arm/bin/../lib/gcc/arm-none-eabi/4.9.3/../../../../arm-none-eabi/lib/cortex-m7\libc.a(lib_a-mprec.o)
                0x004077a4                __mdiff
 .text.__d2b    0x00407888       0xb0 d:/program files/isystem/winideaopen9/gcc/arm/bin/../lib/gcc/arm-none-eabi/4.9.3/../../../../arm-none-eabi/lib/cortex-m7\libc.a(lib_a-mprec.o)
                0x00407888                __d2b
 .text._putc_r  0x00407938       0x58 d:/program files/isystem/winideaopen9/gcc/arm/bin/../lib/gcc/arm-none-eabi/4.9.3/../../../../arm-none-eabi/lib/cortex-m7\libc.a(lib_a-putc.o)
                0x00407938                _putc_r
 .text._realloc_r
                0x00407990      0x3f0 d:/program files/isystem/winideaopen9/gcc/arm/bin/../lib/gcc/arm-none-eabi/4.9.3/../../../../arm-none-eabi/lib/cortex-m7\libc.a(lib_a-reallocr.o)
                0x00407990                _realloc_r
 .text.__fpclassifyd
                0x00407d80       0x44 d:/program files/isystem/winideaopen9/gcc/arm/bin/../lib/gcc/arm-none-eabi/4.9.3/../../../../arm-none-eabi/lib/cortex-m7\libc.a(lib_a-s_fpclassify.o)
                0x00407d80                __fpclassifyd
 .text._sbrk_r  0x00407dc4       0x24 d:/program files/isystem/winideaopen9/gcc/arm/bin/../lib/gcc/arm-none-eabi/4.9.3/../../../../arm-none-eabi/lib/cortex-m7\libc.a(lib_a-sbrkr.o)
                0x00407dc4                _sbrk_r
 .text._raise_r
                0x00407de8       0x58 d:/program files/isystem/winideaopen9/gcc/arm/bin/../lib/gcc/arm-none-eabi/4.9.3/../../../../arm-none-eabi/lib/cortex-m7\libc.a(lib_a-signal.o)
                0x00407de8                _raise_r
 .text.raise    0x00407e40       0x10 d:/program files/isystem/winideaopen9/gcc/arm/bin/../lib/gcc/arm-none-eabi/4.9.3/../../../../arm-none-eabi/lib/cortex-m7\libc.a(lib_a-signal.o)
                0x00407e40                raise
 .text._kill_r  0x00407e50       0x28 d:/program files/isystem/winideaopen9/gcc/arm/bin/../lib/gcc/arm-none-eabi/4.9.3/../../../../arm-none-eabi/lib/cortex-m7\libc.a(lib_a-signalr.o)
                0x00407e50                _kill_r
 .text._getpid_r
                0x00407e78        0x4 d:/program files/isystem/winideaopen9/gcc/arm/bin/../lib/gcc/arm-none-eabi/4.9.3/../../../../arm-none-eabi/lib/cortex-m7\libc.a(lib_a-signalr.o)
                0x00407e78                _getpid_r
 .text.__sread  0x00407e7c       0x24 d:/program files/isystem/winideaopen9/gcc/arm/bin/../lib/gcc/arm-none-eabi/4.9.3/../../../../arm-none-eabi/lib/cortex-m7\libc.a(lib_a-stdio.o)
                0x00407e7c                __sread
 .text.__swrite
                0x00407ea0       0x38 d:/program files/isystem/winideaopen9/gcc/arm/bin/../lib/gcc/arm-none-eabi/4.9.3/../../../../arm-none-eabi/lib/cortex-m7\libc.a(lib_a-stdio.o)
                0x00407ea0                __swrite
 .text.__sseek  0x00407ed8       0x24 d:/program files/isystem/winideaopen9/gcc/arm/bin/../lib/gcc/arm-none-eabi/4.9.3/../../../../arm-none-eabi/lib/cortex-m7\libc.a(lib_a-stdio.o)
                0x00407ed8                __sseek
 .text.__sclose
                0x00407efc        0x8 d:/program files/isystem/winideaopen9/gcc/arm/bin/../lib/gcc/arm-none-eabi/4.9.3/../../../../arm-none-eabi/lib/cortex-m7\libc.a(lib_a-stdio.o)
                0x00407efc                __sclose
 .text.strlen   0x00407f04       0x5c d:/program files/isystem/winideaopen9/gcc/arm/bin/../lib/gcc/arm-none-eabi/4.9.3/../../../../arm-none-eabi/lib/cortex-m7\libc.a(lib_a-strlen.o)
                0x00407f04                strlen
 .text.__swbuf_r
                0x00407f60       0xa8 d:/program files/isystem/winideaopen9/gcc/arm/bin/../lib/gcc/arm-none-eabi/4.9.3/../../../../arm-none-eabi/lib/cortex-m7\libc.a(lib_a-wbuf.o)
                0x00407f60                __swbuf_r
 .text._wcrtomb_r
                0x00408008       0x54 d:/program files/isystem/winideaopen9/gcc/arm/bin/../lib/gcc/arm-none-eabi/4.9.3/../../../../arm-none-eabi/lib/cortex-m7\libc.a(lib_a-wcrtomb.o)
                0x00408008                _wcrtomb_r
 .text.__ascii_wctomb
                0x0040805c       0x18 d:/program files/isystem/winideaopen9/gcc/arm/bin/../lib/gcc/arm-none-eabi/4.9.3/../../../../arm-none-eabi/lib/cortex-m7\libc.a(lib_a-wctomb_r.o)
                0x0040805c                __ascii_wctomb
 .text._write_r
                0x00408074       0x28 d:/program files/isystem/winideaopen9/gcc/arm/bin/../lib/gcc/arm-none-eabi/4.9.3/../../../../arm-none-eabi/lib/cortex-m7\libc.a(lib_a-writer.o)
                0x00408074                _write_r
 .text._calloc_r
                0x0040809c       0x60 d:/program files/isystem/winideaopen9/gcc/arm/bin/../lib/gcc/arm-none-eabi/4.9.3/../../../../arm-none-eabi/lib/cortex-m7\libc.a(lib_a-callocr.o)
                0x0040809c                _calloc_r
 .text._close_r
                0x004080fc       0x24 d:/program files/isystem/winideaopen9/gcc/arm/bin/../lib/gcc/arm-none-eabi/4.9.3/../../../../arm-none-eabi/lib/cortex-m7\libc.a(lib_a-closer.o)
                0x004080fc                _close_r
 .text._fclose_r
                0x00408120       0x84 d:/program files/isystem/winideaopen9/gcc/arm/bin/../lib/gcc/arm-none-eabi/4.9.3/../../../../arm-none-eabi/lib/cortex-m7\libc.a(lib_a-fclose.o)
                0x00408120                _fclose_r
 .text._fstat_r
                0x004081a4       0x28 d:/program files/isystem/winideaopen9/gcc/arm/bin/../lib/gcc/arm-none-eabi/4.9.3/../../../../arm-none-eabi/lib/cortex-m7\libc.a(lib_a-fstatr.o)
                0x004081a4                _fstat_r
 .text._isatty_r
                0x004081cc       0x24 d:/program files/isystem/winideaopen9/gcc/arm/bin/../lib/gcc/arm-none-eabi/4.9.3/../../../../arm-none-eabi/lib/cortex-m7\libc.a(lib_a-isattyr.o)
                0x004081cc                _isatty_r
 .text._lseek_r
                0x004081f0       0x28 d:/program files/isystem/winideaopen9/gcc/arm/bin/../lib/gcc/arm-none-eabi/4.9.3/../../../../arm-none-eabi/lib/cortex-m7\libc.a(lib_a-lseekr.o)
                0x004081f0                _lseek_r
 .text._read_r  0x00408218       0x28 d:/program files/isystem/winideaopen9/gcc/arm/bin/../lib/gcc/arm-none-eabi/4.9.3/../../../../arm-none-eabi/lib/cortex-m7\libc.a(lib_a-readr.o)
                0x00408218                _read_r
 .text          0x00408240      0x370 d:/program files/isystem/winideaopen9/gcc/arm/bin/../lib/gcc/arm-none-eabi/4.9.3/cortex-m7\libgcc.a(_arm_addsubdf3.o)
                0x00408240                __aeabi_drsub
                0x00408248                __aeabi_dsub
                0x00408248                __subdf3
                0x0040824c                __aeabi_dadd
                0x0040824c                __adddf3
                0x004084c4                __floatunsidf
                0x004084c4                __aeabi_ui2d
                0x004084e4                __floatsidf
                0x004084e4                __aeabi_i2d
                0x00408508                __aeabi_f2d
                0x00408508                __extendsfdf2
                0x00408544                __floatundidf
                0x00408544                __aeabi_ul2d
                0x00408554                __floatdidf
                0x00408554                __aeabi_l2d
 .text          0x004085b0      0x424 d:/program files/isystem/winideaopen9/gcc/arm/bin/../lib/gcc/arm-none-eabi/4.9.3/cortex-m7\libgcc.a(_arm_muldivdf3.o)
                0x004085b0                __aeabi_dmul
                0x004085b0                __muldf3
                0x00408804                __divdf3
                0x00408804                __aeabi_ddiv
 .text          0x004089d4      0x110 d:/program files/isystem/winideaopen9/gcc/arm/bin/../lib/gcc/arm-none-eabi/4.9.3/cortex-m7\libgcc.a(_arm_cmpdf2.o)
                0x004089d4                __gtdf2
                0x004089d4                __gedf2
                0x004089dc                __ltdf2
                0x004089dc                __ledf2
                0x004089e4                __nedf2
                0x004089e4                __eqdf2
                0x004089e4                __cmpdf2
                0x00408a60                __aeabi_cdrcmple
                0x00408a70                __aeabi_cdcmpeq
                0x00408a70                __aeabi_cdcmple
                0x00408a80                __aeabi_dcmpeq
                0x00408a94                __aeabi_dcmplt
                0x00408aa8                __aeabi_dcmple
                0x00408abc                __aeabi_dcmpge
                0x00408ad0                __aeabi_dcmpgt
 .text          0x00408ae4       0x50 d:/program files/isystem/winideaopen9/gcc/arm/bin/../lib/gcc/arm-none-eabi/4.9.3/cortex-m7\libgcc.a(_arm_fixdfsi.o)
                0x00408ae4                __aeabi_d2iz
                0x00408ae4                __fixdfsi
 .text          0x00408b34       0x30 d:/program files/isystem/winideaopen9/gcc/arm/bin/../lib/gcc/arm-none-eabi/4.9.3/cortex-m7\libgcc.a(_aeabi_uldivmod.o)
                0x00408b34                __aeabi_uldivmod
 .text          0x00408b64       0x60 d:/program files/isystem/winideaopen9/gcc/arm/bin/../lib/gcc/arm-none-eabi/4.9.3/cortex-m7\libgcc.a(bpabi.o)
                0x00408b64                __gnu_ldivmod_helper
                0x00408b94                __gnu_uldivmod_helper
 .text          0x00408bc4        0x4 d:/program files/isystem/winideaopen9/gcc/arm/bin/../lib/gcc/arm-none-eabi/4.9.3/cortex-m7\libgcc.a(_dvmd_tls.o)
                0x00408bc4                __aeabi_idiv0
                0x00408bc4                __aeabi_ldiv0
 .text          0x00408bc8      0x284 d:/program files/isystem/winideaopen9/gcc/arm/bin/../lib/gcc/arm-none-eabi/4.9.3/cortex-m7\libgcc.a(_divdi3.o)
                0x00408bc8                __divdi3
 .text          0x00408e4c      0x248 d:/program files/isystem/winideaopen9/gcc/arm/bin/../lib/gcc/arm-none-eabi/4.9.3/cortex-m7\libgcc.a(_udivdi3.o)
                0x00408e4c                __udivdi3
 *(.glue_7t)
 .glue_7t       0x00000000        0x0 linker stubs
 *(.glue_7)
 .glue_7        0x00000000        0x0 linker stubs
 *(.rodata .rodata* .gnu.linkonce.r.*)
 .rodata        0x00409094       0xf7 D:\Git\Embedeed_Systems\BaseProject\workspace\Debug\dbg_console.o
 *fill*         0x0040918b        0x1 
 .rodata        0x0040918c       0xa8 D:\Git\Embedeed_Systems\BaseProject\workspace\Debug\pmc.o
 .rodata        0x00409234       0xea D:\Git\Embedeed_Systems\BaseProject\workspace\Debug\pio_it.o
 *fill*         0x0040931e        0x2 
 .rodata        0x00409320       0x19 D:\Git\Embedeed_Systems\BaseProject\workspace\Debug\syscalls.o
 *fill*         0x00409339        0x3 
 .rodata        0x0040933c       0xee D:\Git\Embedeed_Systems\BaseProject\workspace\Debug\timetick.o
 *fill*         0x0040942a        0x2 
 .rodata        0x0040942c       0x1c D:\Git\Embedeed_Systems\BaseProject\workspace\Debug\led.o
 .rodata        0x00409448       0xb2 D:\Git\Embedeed_Systems\BaseProject\workspace\Debug\main.o
 *fill*         0x004094fa        0x2 
 .rodata.str1.4
                0x004094fc       0x3f d:/program files/isystem/winideaopen9/gcc/arm/bin/../lib/gcc/arm-none-eabi/4.9.3/../../../../arm-none-eabi/lib/cortex-m7\libc.a(lib_a-assert.o)
                                 0x43 (size before relaxing)
 *fill*         0x0040953b        0x1 
 .rodata.str1.4
                0x0040953c        0x2 d:/program files/isystem/winideaopen9/gcc/arm/bin/../lib/gcc/arm-none-eabi/4.9.3/../../../../arm-none-eabi/lib/cortex-m7\libc.a(lib_a-impure.o)
 *fill*         0x0040953e        0x2 
 .rodata.zeroes.6869
                0x00409540       0x10 d:/program files/isystem/winideaopen9/gcc/arm/bin/../lib/gcc/arm-none-eabi/4.9.3/../../../../arm-none-eabi/lib/cortex-m7\libc.a(lib_a-vfiprintf.o)
 .rodata.str1.4
                0x00409550       0x2f d:/program files/isystem/winideaopen9/gcc/arm/bin/../lib/gcc/arm-none-eabi/4.9.3/../../../../arm-none-eabi/lib/cortex-m7\libc.a(lib_a-vfiprintf.o)
 *fill*         0x0040957f        0x1 
 .rodata.blanks.6868
                0x00409580       0x10 d:/program files/isystem/winideaopen9/gcc/arm/bin/../lib/gcc/arm-none-eabi/4.9.3/../../../../arm-none-eabi/lib/cortex-m7\libc.a(lib_a-vfiprintf.o)
 .rodata.zeroes.6926
                0x00409590       0x10 d:/program files/isystem/winideaopen9/gcc/arm/bin/../lib/gcc/arm-none-eabi/4.9.3/../../../../arm-none-eabi/lib/cortex-m7\libc.a(lib_a-vfprintf.o)
 .rodata.str1.4
                0x004095a0       0x12 d:/program files/isystem/winideaopen9/gcc/arm/bin/../lib/gcc/arm-none-eabi/4.9.3/../../../../arm-none-eabi/lib/cortex-m7\libc.a(lib_a-vfprintf.o)
                                 0x42 (size before relaxing)
 *fill*         0x004095b2        0x2 
 .rodata.blanks.6925
                0x004095b4       0x10 d:/program files/isystem/winideaopen9/gcc/arm/bin/../lib/gcc/arm-none-eabi/4.9.3/../../../../arm-none-eabi/lib/cortex-m7\libc.a(lib_a-vfprintf.o)
 .rodata.str1.4
                0x004095c4       0x10 d:/program files/isystem/winideaopen9/gcc/arm/bin/../lib/gcc/arm-none-eabi/4.9.3/../../../../arm-none-eabi/lib/cortex-m7\libc.a(lib_a-dtoa.o)
                                 0x12 (size before relaxing)
 .rodata.str1.4
                0x004095d4        0xc d:/program files/isystem/winideaopen9/gcc/arm/bin/../lib/gcc/arm-none-eabi/4.9.3/../../../../arm-none-eabi/lib/cortex-m7\libc.a(lib_a-locale.o)
                                 0x12 (size before relaxing)
 .rodata.__mprec_tens
                0x004095e0       0xc8 d:/program files/isystem/winideaopen9/gcc/arm/bin/../lib/gcc/arm-none-eabi/4.9.3/../../../../arm-none-eabi/lib/cortex-m7\libc.a(lib_a-mprec.o)
                0x004095e0                __mprec_tens
 .rodata.p05.5302
                0x004096a8        0xc d:/program files/isystem/winideaopen9/gcc/arm/bin/../lib/gcc/arm-none-eabi/4.9.3/../../../../arm-none-eabi/lib/cortex-m7\libc.a(lib_a-mprec.o)
 *fill*         0x004096b4        0x4 
 .rodata.__mprec_bigtens
                0x004096b8       0x28 d:/program files/isystem/winideaopen9/gcc/arm/bin/../lib/gcc/arm-none-eabi/4.9.3/../../../../arm-none-eabi/lib/cortex-m7\libc.a(lib_a-mprec.o)
                0x004096b8                __mprec_bigtens
 *(.ARM.extab* .gnu.linkonce.armextab.*)
                0x004096e0                . = ALIGN (0x4)
 *(.init)
                0x004096e0                . = ALIGN (0x4)
                0x004096e0                __preinit_array_start = .
 *(.preinit_array)
                0x004096e0                __preinit_array_end = .
                0x004096e0                . = ALIGN (0x4)
                0x004096e0                __init_array_start = .
 *(SORT(.init_array.*))
 *(.init_array)
                0x004096e0                __init_array_end = .
                0x004096e0                . = ALIGN (0x4)
 *crtbegin.o(.ctors)
 *(EXCLUDE_FILE(*crtend.o) .ctors)
 *(SORT(.ctors.*))
 *crtend.o(.ctors)
                0x004096e0                . = ALIGN (0x4)
 *(.fini)
                0x004096e0                . = ALIGN (0x4)
                0x004096e0                __fini_array_start = .
 *(.fini_array)
 *(SORT(.fini_array.*))
                0x004096e0                __fini_array_end = .
 *crtbegin.o(.dtors)
 *(EXCLUDE_FILE(*crtend.o) .dtors)
 *(SORT(.dtors.*))
 *crtend.o(.dtors)
                0x004096e0                . = ALIGN (0x4)
                0x004096e0                _efixed = .
                0x004096e0                PROVIDE (__exidx_start, .)

.vfp11_veneer   0x004096e0        0x0
 .vfp11_veneer  0x00000000        0x0 linker stubs

.v4_bx          0x004096e0        0x0
 .v4_bx         0x00000000        0x0 linker stubs

.iplt           0x004096e0        0x0
 .iplt          0x00000000        0x0 D:\Git\Embedeed_Systems\BaseProject\workspace\Debug\dbg_console.o

.igot.plt       0x004096e0        0x0
 .igot.plt      0x00000000        0x0 D:\Git\Embedeed_Systems\BaseProject\workspace\Debug\dbg_console.o

.ARM.exidx      0x004096e0        0x8
 *(.ARM.exidx* .gnu.linkonce.armexidx.*)
 .ARM.exidx     0x004096e0        0x8 d:/program files/isystem/winideaopen9/gcc/arm/bin/../lib/gcc/arm-none-eabi/4.9.3/cortex-m7\libgcc.a(_divdi3.o)
 .ARM.exidx     0x004096e8        0x0 d:/program files/isystem/winideaopen9/gcc/arm/bin/../lib/gcc/arm-none-eabi/4.9.3/cortex-m7\libgcc.a(_udivdi3.o)
                                  0x8 (size before relaxing)
                0x004096e8                PROVIDE (__exidx_end, .)

.rel.dyn        0x004096e8        0x0
 .rel.iplt      0x00000000        0x0 D:\Git\Embedeed_Systems\BaseProject\workspace\Debug\dbg_console.o
                0x004096e8                . = ALIGN (0x4)
                0x004096e8                _etext = .

.relocate       0x20400000      0x8d4 load address 0x004096e8
                0x20400000                . = ALIGN (0x4)
                0x20400000                _srelocate = .
 *(.ramfunc .ramfunc.*)
 *(.data .data.*)
 .data          0x20400000        0x4 D:\Git\Embedeed_Systems\BaseProject\workspace\Debug\system_sam.o
                0x20400000                SystemCoreClock
 .data          0x20400004       0x30 D:\Git\Embedeed_Systems\BaseProject\workspace\Debug\main.o
                0x20400004                Tasks
 *fill*         0x20400034        0x4 
 .data.impure_data
                0x20400038      0x428 d:/program files/isystem/winideaopen9/gcc/arm/bin/../lib/gcc/arm-none-eabi/4.9.3/../../../../arm-none-eabi/lib/cortex-m7\libc.a(lib_a-impure.o)
 .data._impure_ptr
                0x20400460        0x4 d:/program files/isystem/winideaopen9/gcc/arm/bin/../lib/gcc/arm-none-eabi/4.9.3/../../../../arm-none-eabi/lib/cortex-m7\libc.a(lib_a-impure.o)
                0x20400460                _impure_ptr
 .data.lconv    0x20400464       0x38 d:/program files/isystem/winideaopen9/gcc/arm/bin/../lib/gcc/arm-none-eabi/4.9.3/../../../../arm-none-eabi/lib/cortex-m7\libc.a(lib_a-locale.o)
 .data.lc_ctype_charset
                0x2040049c       0x20 d:/program files/isystem/winideaopen9/gcc/arm/bin/../lib/gcc/arm-none-eabi/4.9.3/../../../../arm-none-eabi/lib/cortex-m7\libc.a(lib_a-locale.o)
 .data.__mb_cur_max
                0x204004bc        0x4 d:/program files/isystem/winideaopen9/gcc/arm/bin/../lib/gcc/arm-none-eabi/4.9.3/../../../../arm-none-eabi/lib/cortex-m7\libc.a(lib_a-locale.o)
                0x204004bc                __mb_cur_max
 .data.__malloc_av_
                0x204004c0      0x408 d:/program files/isystem/winideaopen9/gcc/arm/bin/../lib/gcc/arm-none-eabi/4.9.3/../../../../arm-none-eabi/lib/cortex-m7\libc.a(lib_a-mallocr.o)
                0x204004c0                __malloc_av_
 .data.__malloc_trim_threshold
                0x204008c8        0x4 d:/program files/isystem/winideaopen9/gcc/arm/bin/../lib/gcc/arm-none-eabi/4.9.3/../../../../arm-none-eabi/lib/cortex-m7\libc.a(lib_a-mallocr.o)
                0x204008c8                __malloc_trim_threshold
 .data.__malloc_sbrk_base
                0x204008cc        0x4 d:/program files/isystem/winideaopen9/gcc/arm/bin/../lib/gcc/arm-none-eabi/4.9.3/../../../../arm-none-eabi/lib/cortex-m7\libc.a(lib_a-mallocr.o)
                0x204008cc                __malloc_sbrk_base
 .data.__wctomb
                0x204008d0        0x4 d:/program files/isystem/winideaopen9/gcc/arm/bin/../lib/gcc/arm-none-eabi/4.9.3/../../../../arm-none-eabi/lib/cortex-m7\libc.a(lib_a-wctomb_r.o)
                0x204008d0                __wctomb
                0x204008d4                . = ALIGN (0x4)
                0x204008d4                _erelocate = .

.bss            0x204008d4       0xfc load address 0x00409fbc
                0x204008d4                . = ALIGN (0x4)
                0x204008d4                _sbss = .
                0x204008d4                _szero = .
 *(.bss .bss.*)
 .bss           0x204008d4        0x6 D:\Git\Embedeed_Systems\BaseProject\workspace\Debug\dbg_console.o
 *fill*         0x204008da        0x2 
 .bss           0x204008dc       0x44 D:\Git\Embedeed_Systems\BaseProject\workspace\Debug\pio_it.o
 .bss           0x20400920        0xc D:\Git\Embedeed_Systems\BaseProject\workspace\Debug\syscalls.o
 .bss           0x2040092c       0x18 D:\Git\Embedeed_Systems\BaseProject\workspace\Debug\timetick.o
 .bss           0x20400944        0x3 D:\Git\Embedeed_Systems\BaseProject\workspace\Debug\Tasks.o
                0x20400944                u8100ms_Ctr
                0x20400945                u8100ms_Ctr2
 *fill*         0x20400947        0x1 
 .bss.__malloc_max_total_mem
                0x20400948        0x4 d:/program files/isystem/winideaopen9/gcc/arm/bin/../lib/gcc/arm-none-eabi/4.9.3/../../../../arm-none-eabi/lib/cortex-m7\libc.a(lib_a-mallocr.o)
                0x20400948                __malloc_max_total_mem
 .bss.__malloc_max_sbrked_mem
                0x2040094c        0x4 d:/program files/isystem/winideaopen9/gcc/arm/bin/../lib/gcc/arm-none-eabi/4.9.3/../../../../arm-none-eabi/lib/cortex-m7\libc.a(lib_a-mallocr.o)
                0x2040094c                __malloc_max_sbrked_mem
 .bss.__malloc_top_pad
                0x20400950        0x4 d:/program files/isystem/winideaopen9/gcc/arm/bin/../lib/gcc/arm-none-eabi/4.9.3/../../../../arm-none-eabi/lib/cortex-m7\libc.a(lib_a-mallocr.o)
                0x20400950                __malloc_top_pad
 .bss.__malloc_current_mallinfo
                0x20400954       0x28 d:/program files/isystem/winideaopen9/gcc/arm/bin/../lib/gcc/arm-none-eabi/4.9.3/../../../../arm-none-eabi/lib/cortex-m7\libc.a(lib_a-mallocr.o)
                0x20400954                __malloc_current_mallinfo
 *(COMMON)
 COMMON         0x2040097c       0x14 D:\Git\Embedeed_Systems\BaseProject\workspace\Debug\timetick.o
                0x2040097c                gfunc_ptr
                0x20400980                DelayTimer
 COMMON         0x20400990       0x3a D:\Git\Embedeed_Systems\BaseProject\workspace\Debug\app_scheduler.o
                0x20400990                u8_50ms_Counter
                0x20400994                task_ctrl_array
                0x204009c4                gu8Scheduler_Status
                0x204009c5                gu8Scheduler_Thread_ID_Backup
                0x204009c6                u8_10ms_Counter
                0x204009c7                u8_100ms_Counter
                0x204009c8                gu8Scheduler_Counter
                0x204009c9                gu8Scheduler_Thread_ID
 *fill*         0x204009ca        0x2 
 COMMON         0x204009cc        0x4 d:/program files/isystem/winideaopen9/gcc/arm/bin/../lib/gcc/arm-none-eabi/4.9.3/../../../../arm-none-eabi/lib/cortex-m7\libc.a(lib_a-reent.o)
                0x204009cc                errno
                0x204009d0                . = ALIGN (0x4)
                0x204009d0                _ebss = .
                0x204009d0                _ezero = .

.stack          0x204009d0     0x2000 load address 0x0040a0b8
                0x204009d0                . = ALIGN (0x8)
                0x204009d0                _sstack = .
                0x204029d0                . = (. + STACK_SIZE)
 *fill*         0x204009d0     0x2000 
                0x204029d0                . = ALIGN (0x8)
                0x204029d0                _estack = .

.heap           0x204029d0     0x1000 load address 0x0040c0b8
                0x204029d0                . = ALIGN (0x8)
                0x204029d0                _sheap = .
                0x204039d0                . = (. + HEAP_SIZE)
 *fill*         0x204029d0     0x1000 
                0x204039d0                . = ALIGN (0x8)
                0x204039d0                _eheap = .

.my_heap        0x20450000    0x10000
                0x20450000                . = ALIGN (0x8)
                0x20450000                HEAP_LLD = .
                0x20450000                _smyheap = .
                0x20460000                . = (. + MY_HEAP_SIZE)
 *fill*         0x20450000    0x10000 
                0x20460000                . = ALIGN (0x8)
                0x20460000                _emyheap = .
                0x20460000                . = ALIGN (0x4)
                0x20460000                _end = .
                0x2044ffff                _ram_end_ = ((ORIGIN (ram) + 0x50000) - 0x1)
                0x20460000                _sdram_lma = .

sdram_region
 *(sdram_region)
LOAD d:/program files/isystem/winideaopen9/gcc/arm/bin/../lib/gcc/arm-none-eabi/4.9.3/../../../../arm-none-eabi/lib/cortex-m7\libc.a
LOAD d:/program files/isystem/winideaopen9/gcc/arm/bin/../lib/gcc/arm-none-eabi/4.9.3/cortex-m7\libgcc.a
LOAD d:/program files/isystem/winideaopen9/gcc/arm/bin/../lib/gcc/arm-none-eabi/4.9.3/../../../../arm-none-eabi/lib/cortex-m7\libm.a
OUTPUT(BaseProject.elf elf32-littlearm)

.debug_info     0x00000000     0x78aa
 .debug_info    0x00000000     0x14dc D:\Git\Embedeed_Systems\BaseProject\workspace\Debug\dbg_console.o
 .debug_info    0x000014dc      0x4f5 D:\Git\Embedeed_Systems\BaseProject\workspace\Debug\board_lowlevel.o
 .debug_info    0x000019d1      0x59c D:\Git\Embedeed_Systems\BaseProject\workspace\Debug\exceptions.o
 .debug_info    0x00001f6d      0xa00 D:\Git\Embedeed_Systems\BaseProject\workspace\Debug\pio.o
 .debug_info    0x0000296d      0x327 D:\Git\Embedeed_Systems\BaseProject\workspace\Debug\mpu.o
 .debug_info    0x00002c94      0x78b D:\Git\Embedeed_Systems\BaseProject\workspace\Debug\pmc.o
 .debug_info    0x0000341f      0x1fd D:\Git\Embedeed_Systems\BaseProject\workspace\Debug\wdt.o
 .debug_info    0x0000361c      0xf6c D:\Git\Embedeed_Systems\BaseProject\workspace\Debug\pio_it.o
 .debug_info    0x00004588      0x4cc D:\Git\Embedeed_Systems\BaseProject\workspace\Debug\syscalls.o
 .debug_info    0x00004a54      0x515 D:\Git\Embedeed_Systems\BaseProject\workspace\Debug\system_sam.o
 .debug_info    0x00004f69      0xdca D:\Git\Embedeed_Systems\BaseProject\workspace\Debug\timetick.o
 .debug_info    0x00005d33      0x2d2 D:\Git\Embedeed_Systems\BaseProject\workspace\Debug\app_scheduler.o
 .debug_info    0x00006005      0x120 D:\Git\Embedeed_Systems\BaseProject\workspace\Debug\Tasks.o
 .debug_info    0x00006125      0x6f3 D:\Git\Embedeed_Systems\BaseProject\workspace\Debug\led.o
 .debug_info    0x00006818      0x6ca D:\Git\Embedeed_Systems\BaseProject\workspace\Debug\main.o
 .debug_info    0x00006ee2      0x9c8 D:\Git\Embedeed_Systems\BaseProject\workspace\Debug\startup_sam.o

.debug_abbrev   0x00000000     0x17d6
 .debug_abbrev  0x00000000      0x26e D:\Git\Embedeed_Systems\BaseProject\workspace\Debug\dbg_console.o
 .debug_abbrev  0x0000026e      0x12f D:\Git\Embedeed_Systems\BaseProject\workspace\Debug\board_lowlevel.o
 .debug_abbrev  0x0000039d      0x152 D:\Git\Embedeed_Systems\BaseProject\workspace\Debug\exceptions.o
 .debug_abbrev  0x000004ef      0x19d D:\Git\Embedeed_Systems\BaseProject\workspace\Debug\pio.o
 .debug_abbrev  0x0000068c      0x144 D:\Git\Embedeed_Systems\BaseProject\workspace\Debug\mpu.o
 .debug_abbrev  0x000007d0      0x1ce D:\Git\Embedeed_Systems\BaseProject\workspace\Debug\pmc.o
 .debug_abbrev  0x0000099e       0xdf D:\Git\Embedeed_Systems\BaseProject\workspace\Debug\wdt.o
 .debug_abbrev  0x00000a7d      0x22b D:\Git\Embedeed_Systems\BaseProject\workspace\Debug\pio_it.o
 .debug_abbrev  0x00000ca8      0x15e D:\Git\Embedeed_Systems\BaseProject\workspace\Debug\syscalls.o
 .debug_abbrev  0x00000e06      0x127 D:\Git\Embedeed_Systems\BaseProject\workspace\Debug\system_sam.o
 .debug_abbrev  0x00000f2d      0x23e D:\Git\Embedeed_Systems\BaseProject\workspace\Debug\timetick.o
 .debug_abbrev  0x0000116b      0x132 D:\Git\Embedeed_Systems\BaseProject\workspace\Debug\app_scheduler.o
 .debug_abbrev  0x0000129d       0xa2 D:\Git\Embedeed_Systems\BaseProject\workspace\Debug\Tasks.o
 .debug_abbrev  0x0000133f      0x113 D:\Git\Embedeed_Systems\BaseProject\workspace\Debug\led.o
 .debug_abbrev  0x00001452      0x1e4 D:\Git\Embedeed_Systems\BaseProject\workspace\Debug\main.o
 .debug_abbrev  0x00001636      0x1a0 D:\Git\Embedeed_Systems\BaseProject\workspace\Debug\startup_sam.o

.debug_aranges  0x00000000      0x200
 .debug_aranges
                0x00000000       0x20 D:\Git\Embedeed_Systems\BaseProject\workspace\Debug\dbg_console.o
 .debug_aranges
                0x00000020       0x20 D:\Git\Embedeed_Systems\BaseProject\workspace\Debug\board_lowlevel.o
 .debug_aranges
                0x00000040       0x20 D:\Git\Embedeed_Systems\BaseProject\workspace\Debug\exceptions.o
 .debug_aranges
                0x00000060       0x20 D:\Git\Embedeed_Systems\BaseProject\workspace\Debug\pio.o
 .debug_aranges
                0x00000080       0x20 D:\Git\Embedeed_Systems\BaseProject\workspace\Debug\mpu.o
 .debug_aranges
                0x000000a0       0x20 D:\Git\Embedeed_Systems\BaseProject\workspace\Debug\pmc.o
 .debug_aranges
                0x000000c0       0x20 D:\Git\Embedeed_Systems\BaseProject\workspace\Debug\wdt.o
 .debug_aranges
                0x000000e0       0x20 D:\Git\Embedeed_Systems\BaseProject\workspace\Debug\pio_it.o
 .debug_aranges
                0x00000100       0x20 D:\Git\Embedeed_Systems\BaseProject\workspace\Debug\syscalls.o
 .debug_aranges
                0x00000120       0x20 D:\Git\Embedeed_Systems\BaseProject\workspace\Debug\system_sam.o
 .debug_aranges
                0x00000140       0x20 D:\Git\Embedeed_Systems\BaseProject\workspace\Debug\timetick.o
 .debug_aranges
                0x00000160       0x20 D:\Git\Embedeed_Systems\BaseProject\workspace\Debug\app_scheduler.o
 .debug_aranges
                0x00000180       0x20 D:\Git\Embedeed_Systems\BaseProject\workspace\Debug\Tasks.o
 .debug_aranges
                0x000001a0       0x20 D:\Git\Embedeed_Systems\BaseProject\workspace\Debug\led.o
 .debug_aranges
                0x000001c0       0x20 D:\Git\Embedeed_Systems\BaseProject\workspace\Debug\main.o
 .debug_aranges
                0x000001e0       0x20 D:\Git\Embedeed_Systems\BaseProject\workspace\Debug\startup_sam.o

.debug_macro    0x00000000    0x1c6d4
 .debug_macro   0x00000000      0x737 D:\Git\Embedeed_Systems\BaseProject\workspace\Debug\dbg_console.o
 .debug_macro   0x00000737      0x86e D:\Git\Embedeed_Systems\BaseProject\workspace\Debug\dbg_console.o
 .debug_macro   0x00000fa5       0x22 D:\Git\Embedeed_Systems\BaseProject\workspace\Debug\dbg_console.o
 .debug_macro   0x00000fc7       0x44 D:\Git\Embedeed_Systems\BaseProject\workspace\Debug\dbg_console.o
 .debug_macro   0x0000100b       0xe3 D:\Git\Embedeed_Systems\BaseProject\workspace\Debug\dbg_console.o
 .debug_macro   0x000010ee       0x22 D:\Git\Embedeed_Systems\BaseProject\workspace\Debug\dbg_console.o
 .debug_macro   0x00001110      0x1df D:\Git\Embedeed_Systems\BaseProject\workspace\Debug\dbg_console.o
 .debug_macro   0x000012ef       0x4a D:\Git\Embedeed_Systems\BaseProject\workspace\Debug\dbg_console.o
 .debug_macro   0x00001339       0x3b D:\Git\Embedeed_Systems\BaseProject\workspace\Debug\dbg_console.o
 .debug_macro   0x00001374       0x18 D:\Git\Embedeed_Systems\BaseProject\workspace\Debug\dbg_console.o
 .debug_macro   0x0000138c       0x26 D:\Git\Embedeed_Systems\BaseProject\workspace\Debug\dbg_console.o
 .debug_macro   0x000013b2      0xf9a D:\Git\Embedeed_Systems\BaseProject\workspace\Debug\dbg_console.o
 .debug_macro   0x0000234c      0x16c D:\Git\Embedeed_Systems\BaseProject\workspace\Debug\dbg_console.o
 .debug_macro   0x000024b8      0x24a D:\Git\Embedeed_Systems\BaseProject\workspace\Debug\dbg_console.o
 .debug_macro   0x00002702      0xa00 D:\Git\Embedeed_Systems\BaseProject\workspace\Debug\dbg_console.o
 .debug_macro   0x00003102      0x1b4 D:\Git\Embedeed_Systems\BaseProject\workspace\Debug\dbg_console.o
 .debug_macro   0x000032b6      0x328 D:\Git\Embedeed_Systems\BaseProject\workspace\Debug\dbg_console.o
 .debug_macro   0x000035de      0x15a D:\Git\Embedeed_Systems\BaseProject\workspace\Debug\dbg_console.o
 .debug_macro   0x00003738      0xe71 D:\Git\Embedeed_Systems\BaseProject\workspace\Debug\dbg_console.o
 .debug_macro   0x000045a9       0x1c D:\Git\Embedeed_Systems\BaseProject\workspace\Debug\dbg_console.o
 .debug_macro   0x000045c5      0x67f D:\Git\Embedeed_Systems\BaseProject\workspace\Debug\dbg_console.o
 .debug_macro   0x00004c44      0x310 D:\Git\Embedeed_Systems\BaseProject\workspace\Debug\dbg_console.o
 .debug_macro   0x00004f54      0x4c7 D:\Git\Embedeed_Systems\BaseProject\workspace\Debug\dbg_console.o
 .debug_macro   0x0000541b      0x26e D:\Git\Embedeed_Systems\BaseProject\workspace\Debug\dbg_console.o
 .debug_macro   0x00005689     0x1324 D:\Git\Embedeed_Systems\BaseProject\workspace\Debug\dbg_console.o
 .debug_macro   0x000069ad      0x280 D:\Git\Embedeed_Systems\BaseProject\workspace\Debug\dbg_console.o
 .debug_macro   0x00006c2d     0x2ba3 D:\Git\Embedeed_Systems\BaseProject\workspace\Debug\dbg_console.o
 .debug_macro   0x000097d0     0x101d D:\Git\Embedeed_Systems\BaseProject\workspace\Debug\dbg_console.o
 .debug_macro   0x0000a7ed      0xe01 D:\Git\Embedeed_Systems\BaseProject\workspace\Debug\dbg_console.o
 .debug_macro   0x0000b5ee      0x3a4 D:\Git\Embedeed_Systems\BaseProject\workspace\Debug\dbg_console.o
 .debug_macro   0x0000b992       0xa0 D:\Git\Embedeed_Systems\BaseProject\workspace\Debug\dbg_console.o
 .debug_macro   0x0000ba32       0x76 D:\Git\Embedeed_Systems\BaseProject\workspace\Debug\dbg_console.o
 .debug_macro   0x0000baa8      0x3fb D:\Git\Embedeed_Systems\BaseProject\workspace\Debug\dbg_console.o
 .debug_macro   0x0000bea3       0x64 D:\Git\Embedeed_Systems\BaseProject\workspace\Debug\dbg_console.o
 .debug_macro   0x0000bf07      0x276 D:\Git\Embedeed_Systems\BaseProject\workspace\Debug\dbg_console.o
 .debug_macro   0x0000c17d      0x1c4 D:\Git\Embedeed_Systems\BaseProject\workspace\Debug\dbg_console.o
 .debug_macro   0x0000c341      0x23b D:\Git\Embedeed_Systems\BaseProject\workspace\Debug\dbg_console.o
 .debug_macro   0x0000c57c      0x516 D:\Git\Embedeed_Systems\BaseProject\workspace\Debug\dbg_console.o
 .debug_macro   0x0000ca92      0x62d D:\Git\Embedeed_Systems\BaseProject\workspace\Debug\dbg_console.o
 .debug_macro   0x0000d0bf      0x6a9 D:\Git\Embedeed_Systems\BaseProject\workspace\Debug\dbg_console.o
 .debug_macro   0x0000d768       0x4c D:\Git\Embedeed_Systems\BaseProject\workspace\Debug\dbg_console.o
 .debug_macro   0x0000d7b4      0x45a D:\Git\Embedeed_Systems\BaseProject\workspace\Debug\dbg_console.o
 .debug_macro   0x0000dc0e      0x1fb D:\Git\Embedeed_Systems\BaseProject\workspace\Debug\dbg_console.o
 .debug_macro   0x0000de09      0x87d D:\Git\Embedeed_Systems\BaseProject\workspace\Debug\dbg_console.o
 .debug_macro   0x0000e686     0x1547 D:\Git\Embedeed_Systems\BaseProject\workspace\Debug\dbg_console.o
 .debug_macro   0x0000fbcd       0x40 D:\Git\Embedeed_Systems\BaseProject\workspace\Debug\dbg_console.o
 .debug_macro   0x0000fc0d       0x76 D:\Git\Embedeed_Systems\BaseProject\workspace\Debug\dbg_console.o
 .debug_macro   0x0000fc83      0xda0 D:\Git\Embedeed_Systems\BaseProject\workspace\Debug\dbg_console.o
 .debug_macro   0x00010a23       0x82 D:\Git\Embedeed_Systems\BaseProject\workspace\Debug\dbg_console.o
 .debug_macro   0x00010aa5       0x76 D:\Git\Embedeed_Systems\BaseProject\workspace\Debug\dbg_console.o
 .debug_macro   0x00010b1b       0x4c D:\Git\Embedeed_Systems\BaseProject\workspace\Debug\dbg_console.o
 .debug_macro   0x00010b67      0x126 D:\Git\Embedeed_Systems\BaseProject\workspace\Debug\dbg_console.o
 .debug_macro   0x00010c8d      0x126 D:\Git\Embedeed_Systems\BaseProject\workspace\Debug\dbg_console.o
 .debug_macro   0x00010db3      0x126 D:\Git\Embedeed_Systems\BaseProject\workspace\Debug\dbg_console.o
 .debug_macro   0x00010ed9       0x6a D:\Git\Embedeed_Systems\BaseProject\workspace\Debug\dbg_console.o
 .debug_macro   0x00010f43       0x6a D:\Git\Embedeed_Systems\BaseProject\workspace\Debug\dbg_console.o
 .debug_macro   0x00010fad      0x313 D:\Git\Embedeed_Systems\BaseProject\workspace\Debug\dbg_console.o
 .debug_macro   0x000112c0       0xb2 D:\Git\Embedeed_Systems\BaseProject\workspace\Debug\dbg_console.o
 .debug_macro   0x00011372       0xb2 D:\Git\Embedeed_Systems\BaseProject\workspace\Debug\dbg_console.o
 .debug_macro   0x00011424       0xb2 D:\Git\Embedeed_Systems\BaseProject\workspace\Debug\dbg_console.o
 .debug_macro   0x000114d6      0x112 D:\Git\Embedeed_Systems\BaseProject\workspace\Debug\dbg_console.o
 .debug_macro   0x000115e8      0x112 D:\Git\Embedeed_Systems\BaseProject\workspace\Debug\dbg_console.o
 .debug_macro   0x000116fa      0x2cd D:\Git\Embedeed_Systems\BaseProject\workspace\Debug\dbg_console.o
 .debug_macro   0x000119c7       0xb8 D:\Git\Embedeed_Systems\BaseProject\workspace\Debug\dbg_console.o
 .debug_macro   0x00011a7f       0x5e D:\Git\Embedeed_Systems\BaseProject\workspace\Debug\dbg_console.o
 .debug_macro   0x00011add       0x40 D:\Git\Embedeed_Systems\BaseProject\workspace\Debug\dbg_console.o
 .debug_macro   0x00011b1d       0x4c D:\Git\Embedeed_Systems\BaseProject\workspace\Debug\dbg_console.o
 .debug_macro   0x00011b69       0xa0 D:\Git\Embedeed_Systems\BaseProject\workspace\Debug\dbg_console.o
 .debug_macro   0x00011c09      0x494 D:\Git\Embedeed_Systems\BaseProject\workspace\Debug\dbg_console.o
 .debug_macro   0x0001209d      0x126 D:\Git\Embedeed_Systems\BaseProject\workspace\Debug\dbg_console.o
 .debug_macro   0x000121c3       0x4c D:\Git\Embedeed_Systems\BaseProject\workspace\Debug\dbg_console.o
 .debug_macro   0x0001220f      0x313 D:\Git\Embedeed_Systems\BaseProject\workspace\Debug\dbg_console.o
 .debug_macro   0x00012522       0x6a D:\Git\Embedeed_Systems\BaseProject\workspace\Debug\dbg_console.o
 .debug_macro   0x0001258c       0xb8 D:\Git\Embedeed_Systems\BaseProject\workspace\Debug\dbg_console.o
 .debug_macro   0x00012644       0x76 D:\Git\Embedeed_Systems\BaseProject\workspace\Debug\dbg_console.o
 .debug_macro   0x000126ba       0x6a D:\Git\Embedeed_Systems\BaseProject\workspace\Debug\dbg_console.o
 .debug_macro   0x00012724       0x2e D:\Git\Embedeed_Systems\BaseProject\workspace\Debug\dbg_console.o
 .debug_macro   0x00012752      0x9b1 D:\Git\Embedeed_Systems\BaseProject\workspace\Debug\dbg_console.o
 .debug_macro   0x00013103       0x6a D:\Git\Embedeed_Systems\BaseProject\workspace\Debug\dbg_console.o
 .debug_macro   0x0001316d       0x88 D:\Git\Embedeed_Systems\BaseProject\workspace\Debug\dbg_console.o
 .debug_macro   0x000131f5       0x58 D:\Git\Embedeed_Systems\BaseProject\workspace\Debug\dbg_console.o
 .debug_macro   0x0001324d       0xa6 D:\Git\Embedeed_Systems\BaseProject\workspace\Debug\dbg_console.o
 .debug_macro   0x000132f3       0x16 D:\Git\Embedeed_Systems\BaseProject\workspace\Debug\dbg_console.o
 .debug_macro   0x00013309       0xe2 D:\Git\Embedeed_Systems\BaseProject\workspace\Debug\dbg_console.o
 .debug_macro   0x000133eb       0x4c D:\Git\Embedeed_Systems\BaseProject\workspace\Debug\dbg_console.o
 .debug_macro   0x00013437       0x16 D:\Git\Embedeed_Systems\BaseProject\workspace\Debug\dbg_console.o
 .debug_macro   0x0001344d       0x4c D:\Git\Embedeed_Systems\BaseProject\workspace\Debug\dbg_console.o
 .debug_macro   0x00013499       0x2e D:\Git\Embedeed_Systems\BaseProject\workspace\Debug\dbg_console.o
 .debug_macro   0x000134c7      0x19e D:\Git\Embedeed_Systems\BaseProject\workspace\Debug\dbg_console.o
 .debug_macro   0x00013665      0x19e D:\Git\Embedeed_Systems\BaseProject\workspace\Debug\dbg_console.o
 .debug_macro   0x00013803      0x19e D:\Git\Embedeed_Systems\BaseProject\workspace\Debug\dbg_console.o
 .debug_macro   0x000139a1      0x19e D:\Git\Embedeed_Systems\BaseProject\workspace\Debug\dbg_console.o
 .debug_macro   0x00013b3f      0x19e D:\Git\Embedeed_Systems\BaseProject\workspace\Debug\dbg_console.o
 .debug_macro   0x00013cdd       0x1c D:\Git\Embedeed_Systems\BaseProject\workspace\Debug\dbg_console.o
 .debug_macro   0x00013cf9       0x2e D:\Git\Embedeed_Systems\BaseProject\workspace\Debug\dbg_console.o
 .debug_macro   0x00013d27       0x22 D:\Git\Embedeed_Systems\BaseProject\workspace\Debug\dbg_console.o
 .debug_macro   0x00013d49       0x1c D:\Git\Embedeed_Systems\BaseProject\workspace\Debug\dbg_console.o
 .debug_macro   0x00013d65       0x52 D:\Git\Embedeed_Systems\BaseProject\workspace\Debug\dbg_console.o
 .debug_macro   0x00013db7       0x10 D:\Git\Embedeed_Systems\BaseProject\workspace\Debug\dbg_console.o
 .debug_macro   0x00013dc7       0x1c D:\Git\Embedeed_Systems\BaseProject\workspace\Debug\dbg_console.o
 .debug_macro   0x00013de3       0x4c D:\Git\Embedeed_Systems\BaseProject\workspace\Debug\dbg_console.o
 .debug_macro   0x00013e2f       0x4c D:\Git\Embedeed_Systems\BaseProject\workspace\Debug\dbg_console.o
 .debug_macro   0x00013e7b       0x4c D:\Git\Embedeed_Systems\BaseProject\workspace\Debug\dbg_console.o
 .debug_macro   0x00013ec7      0x329 D:\Git\Embedeed_Systems\BaseProject\workspace\Debug\dbg_console.o
 .debug_macro   0x000141f0     0x1028 D:\Git\Embedeed_Systems\BaseProject\workspace\Debug\dbg_console.o
 .debug_macro   0x00015218      0x107 D:\Git\Embedeed_Systems\BaseProject\workspace\Debug\dbg_console.o
 .debug_macro   0x0001531f      0x166 D:\Git\Embedeed_Systems\BaseProject\workspace\Debug\dbg_console.o
 .debug_macro   0x00015485       0x58 D:\Git\Embedeed_Systems\BaseProject\workspace\Debug\dbg_console.o
 .debug_macro   0x000154dd       0x35 D:\Git\Embedeed_Systems\BaseProject\workspace\Debug\dbg_console.o
 .debug_macro   0x00015512       0x9c D:\Git\Embedeed_Systems\BaseProject\workspace\Debug\dbg_console.o
 .debug_macro   0x000155ae       0x16 D:\Git\Embedeed_Systems\BaseProject\workspace\Debug\dbg_console.o
 .debug_macro   0x000155c4       0x35 D:\Git\Embedeed_Systems\BaseProject\workspace\Debug\dbg_console.o
 .debug_macro   0x000155f9       0x52 D:\Git\Embedeed_Systems\BaseProject\workspace\Debug\dbg_console.o
 .debug_macro   0x0001564b       0x16 D:\Git\Embedeed_Systems\BaseProject\workspace\Debug\dbg_console.o
 .debug_macro   0x00015661       0x43 D:\Git\Embedeed_Systems\BaseProject\workspace\Debug\dbg_console.o
 .debug_macro   0x000156a4      0x180 D:\Git\Embedeed_Systems\BaseProject\workspace\Debug\dbg_console.o
 .debug_macro   0x00015824      0x29d D:\Git\Embedeed_Systems\BaseProject\workspace\Debug\dbg_console.o
 .debug_macro   0x00015ac1       0x16 D:\Git\Embedeed_Systems\BaseProject\workspace\Debug\dbg_console.o
 .debug_macro   0x00015ad7       0x29 D:\Git\Embedeed_Systems\BaseProject\workspace\Debug\dbg_console.o
 .debug_macro   0x00015b00       0x22 D:\Git\Embedeed_Systems\BaseProject\workspace\Debug\dbg_console.o
 .debug_macro   0x00015b22      0x159 D:\Git\Embedeed_Systems\BaseProject\workspace\Debug\dbg_console.o
 .debug_macro   0x00015c7b       0x5e D:\Git\Embedeed_Systems\BaseProject\workspace\Debug\dbg_console.o
 .debug_macro   0x00015cd9       0x91 D:\Git\Embedeed_Systems\BaseProject\workspace\Debug\dbg_console.o
 .debug_macro   0x00015d6a      0x19e D:\Git\Embedeed_Systems\BaseProject\workspace\Debug\dbg_console.o
 .debug_macro   0x00015f08       0x3a D:\Git\Embedeed_Systems\BaseProject\workspace\Debug\dbg_console.o
 .debug_macro   0x00015f42       0x52 D:\Git\Embedeed_Systems\BaseProject\workspace\Debug\dbg_console.o
 .debug_macro   0x00015f94       0x1c D:\Git\Embedeed_Systems\BaseProject\workspace\Debug\dbg_console.o
 .debug_macro   0x00015fb0       0x10 D:\Git\Embedeed_Systems\BaseProject\workspace\Debug\dbg_console.o
 .debug_macro   0x00015fc0       0x10 D:\Git\Embedeed_Systems\BaseProject\workspace\Debug\dbg_console.o
 .debug_macro   0x00015fd0       0x22 D:\Git\Embedeed_Systems\BaseProject\workspace\Debug\dbg_console.o
 .debug_macro   0x00015ff2       0xbe D:\Git\Embedeed_Systems\BaseProject\workspace\Debug\dbg_console.o
 .debug_macro   0x000160b0       0x16 D:\Git\Embedeed_Systems\BaseProject\workspace\Debug\dbg_console.o
 .debug_macro   0x000160c6      0x197 D:\Git\Embedeed_Systems\BaseProject\workspace\Debug\dbg_console.o
 .debug_macro   0x0001625d       0x93 D:\Git\Embedeed_Systems\BaseProject\workspace\Debug\dbg_console.o
 .debug_macro   0x000162f0       0x2e D:\Git\Embedeed_Systems\BaseProject\workspace\Debug\dbg_console.o
 .debug_macro   0x0001631e       0x2e D:\Git\Embedeed_Systems\BaseProject\workspace\Debug\dbg_console.o
 .debug_macro   0x0001634c       0x16 D:\Git\Embedeed_Systems\BaseProject\workspace\Debug\dbg_console.o
 .debug_macro   0x00016362       0x76 D:\Git\Embedeed_Systems\BaseProject\workspace\Debug\dbg_console.o
 .debug_macro   0x000163d8       0x10 D:\Git\Embedeed_Systems\BaseProject\workspace\Debug\dbg_console.o
 .debug_macro   0x000163e8       0x52 D:\Git\Embedeed_Systems\BaseProject\workspace\Debug\dbg_console.o
 .debug_macro   0x0001643a       0x16 D:\Git\Embedeed_Systems\BaseProject\workspace\Debug\dbg_console.o
 .debug_macro   0x00016450       0x10 D:\Git\Embedeed_Systems\BaseProject\workspace\Debug\dbg_console.o
 .debug_macro   0x00016460       0x10 D:\Git\Embedeed_Systems\BaseProject\workspace\Debug\dbg_console.o
 .debug_macro   0x00016470       0x10 D:\Git\Embedeed_Systems\BaseProject\workspace\Debug\dbg_console.o
 .debug_macro   0x00016480       0x35 D:\Git\Embedeed_Systems\BaseProject\workspace\Debug\dbg_console.o
 .debug_macro   0x000164b5      0x122 D:\Git\Embedeed_Systems\BaseProject\workspace\Debug\dbg_console.o
 .debug_macro   0x000165d7      0x452 D:\Git\Embedeed_Systems\BaseProject\workspace\Debug\dbg_console.o
 .debug_macro   0x00016a29      0x701 D:\Git\Embedeed_Systems\BaseProject\workspace\Debug\board_lowlevel.o
 .debug_macro   0x0001712a      0x664 D:\Git\Embedeed_Systems\BaseProject\workspace\Debug\exceptions.o
 .debug_macro   0x0001778e      0x664 D:\Git\Embedeed_Systems\BaseProject\workspace\Debug\pio.o
 .debug_macro   0x00017df2      0x664 D:\Git\Embedeed_Systems\BaseProject\workspace\Debug\mpu.o
 .debug_macro   0x00018456      0x67a D:\Git\Embedeed_Systems\BaseProject\workspace\Debug\pmc.o
 .debug_macro   0x00018ad0       0x10 D:\Git\Embedeed_Systems\BaseProject\workspace\Debug\pmc.o
 .debug_macro   0x00018ae0      0x664 D:\Git\Embedeed_Systems\BaseProject\workspace\Debug\wdt.o
 .debug_macro   0x00019144      0x674 D:\Git\Embedeed_Systems\BaseProject\workspace\Debug\pio_it.o
 .debug_macro   0x000197b8      0x71f D:\Git\Embedeed_Systems\BaseProject\workspace\Debug\syscalls.o
 .debug_macro   0x00019ed7       0x10 D:\Git\Embedeed_Systems\BaseProject\workspace\Debug\syscalls.o
 .debug_macro   0x00019ee7      0x241 D:\Git\Embedeed_Systems\BaseProject\workspace\Debug\syscalls.o
 .debug_macro   0x0001a128      0x460 D:\Git\Embedeed_Systems\BaseProject\workspace\Debug\system_sam.o
 .debug_macro   0x0001a588      0x711 D:\Git\Embedeed_Systems\BaseProject\workspace\Debug\timetick.o
 .debug_macro   0x0001ac99      0x66e D:\Git\Embedeed_Systems\BaseProject\workspace\Debug\app_scheduler.o
 .debug_macro   0x0001b307       0x58 D:\Git\Embedeed_Systems\BaseProject\workspace\Debug\app_scheduler.o
 .debug_macro   0x0001b35f       0x50 D:\Git\Embedeed_Systems\BaseProject\workspace\Debug\app_scheduler.o
 .debug_macro   0x0001b3af       0x68 D:\Git\Embedeed_Systems\BaseProject\workspace\Debug\Tasks.o
 .debug_macro   0x0001b417      0x701 D:\Git\Embedeed_Systems\BaseProject\workspace\Debug\led.o
 .debug_macro   0x0001bb18      0x716 D:\Git\Embedeed_Systems\BaseProject\workspace\Debug\main.o
 .debug_macro   0x0001c22e       0x5e D:\Git\Embedeed_Systems\BaseProject\workspace\Debug\main.o
 .debug_macro   0x0001c28c      0x448 D:\Git\Embedeed_Systems\BaseProject\workspace\Debug\startup_sam.o

.debug_line     0x00000000    0x1026d
 .debug_line    0x00000000     0x13d6 D:\Git\Embedeed_Systems\BaseProject\workspace\Debug\dbg_console.o
 .debug_line    0x000013d6     0x1294 D:\Git\Embedeed_Systems\BaseProject\workspace\Debug\board_lowlevel.o
 .debug_line    0x0000266a     0x10db D:\Git\Embedeed_Systems\BaseProject\workspace\Debug\exceptions.o
 .debug_line    0x00003745     0x1126 D:\Git\Embedeed_Systems\BaseProject\workspace\Debug\pio.o
 .debug_line    0x0000486b     0x10ad D:\Git\Embedeed_Systems\BaseProject\workspace\Debug\mpu.o
 .debug_line    0x00005918     0x1227 D:\Git\Embedeed_Systems\BaseProject\workspace\Debug\pmc.o
 .debug_line    0x00006b3f     0x1080 D:\Git\Embedeed_Systems\BaseProject\workspace\Debug\wdt.o
 .debug_line    0x00007bbf     0x1125 D:\Git\Embedeed_Systems\BaseProject\workspace\Debug\pio_it.o
 .debug_line    0x00008ce4     0x1287 D:\Git\Embedeed_Systems\BaseProject\workspace\Debug\syscalls.o
 .debug_line    0x00009f6b      0xc4d D:\Git\Embedeed_Systems\BaseProject\workspace\Debug\system_sam.o
 .debug_line    0x0000abb8     0x126e D:\Git\Embedeed_Systems\BaseProject\workspace\Debug\timetick.o
 .debug_line    0x0000be26     0x113b D:\Git\Embedeed_Systems\BaseProject\workspace\Debug\app_scheduler.o
 .debug_line    0x0000cf61      0x25d D:\Git\Embedeed_Systems\BaseProject\workspace\Debug\Tasks.o
 .debug_line    0x0000d1be     0x11f9 D:\Git\Embedeed_Systems\BaseProject\workspace\Debug\led.o
 .debug_line    0x0000e3b7     0x12fc D:\Git\Embedeed_Systems\BaseProject\workspace\Debug\main.o
 .debug_line    0x0000f6b3      0xbba D:\Git\Embedeed_Systems\BaseProject\workspace\Debug\startup_sam.o

.debug_str      0x00000000    0x7945d
 .debug_str     0x00000000    0x76e88 D:\Git\Embedeed_Systems\BaseProject\workspace\Debug\dbg_console.o
                              0x77455 (size before relaxing)
 .debug_str     0x00076e88      0x207 D:\Git\Embedeed_Systems\BaseProject\workspace\Debug\board_lowlevel.o
                              0x76b1f (size before relaxing)
 .debug_str     0x0007708f       0xa6 D:\Git\Embedeed_Systems\BaseProject\workspace\Debug\exceptions.o
                              0x73c12 (size before relaxing)
 .debug_str     0x00077135      0x1d4 D:\Git\Embedeed_Systems\BaseProject\workspace\Debug\pio.o
                              0x73ea3 (size before relaxing)
 .debug_str     0x00077309      0x188 D:\Git\Embedeed_Systems\BaseProject\workspace\Debug\mpu.o
                              0x73b5d (size before relaxing)
 .debug_str     0x00077491      0x451 D:\Git\Embedeed_Systems\BaseProject\workspace\Debug\pmc.o
                              0x73e59 (size before relaxing)
 .debug_str     0x000778e2       0xd6 D:\Git\Embedeed_Systems\BaseProject\workspace\Debug\wdt.o
                              0x73a86 (size before relaxing)
 .debug_str     0x000779b8      0x499 D:\Git\Embedeed_Systems\BaseProject\workspace\Debug\pio_it.o
                              0x7435a (size before relaxing)
 .debug_str     0x00077e51      0x5e1 D:\Git\Embedeed_Systems\BaseProject\workspace\Debug\syscalls.o
                              0x76f42 (size before relaxing)
 .debug_str     0x00078432      0x24c D:\Git\Embedeed_Systems\BaseProject\workspace\Debug\system_sam.o
                              0x6e22f (size before relaxing)
 .debug_str     0x0007867e      0x217 D:\Git\Embedeed_Systems\BaseProject\workspace\Debug\timetick.o
                              0x77191 (size before relaxing)
 .debug_str     0x00078895      0x379 D:\Git\Embedeed_Systems\BaseProject\workspace\Debug\app_scheduler.o
                              0x73d36 (size before relaxing)
 .debug_str     0x00078c0e       0xcb D:\Git\Embedeed_Systems\BaseProject\workspace\Debug\Tasks.o
                               0x3170 (size before relaxing)
 .debug_str     0x00078cd9       0xb2 D:\Git\Embedeed_Systems\BaseProject\workspace\Debug\led.o
                              0x76c7b (size before relaxing)
 .debug_str     0x00078d8b       0xcb D:\Git\Embedeed_Systems\BaseProject\workspace\Debug\main.o
                              0x76cb5 (size before relaxing)
 .debug_str     0x00078e56      0x607 D:\Git\Embedeed_Systems\BaseProject\workspace\Debug\startup_sam.o
                              0x6e5f4 (size before relaxing)

.comment        0x00000000       0x70
 .comment       0x00000000       0x70 D:\Git\Embedeed_Systems\BaseProject\workspace\Debug\dbg_console.o
                                 0x71 (size before relaxing)
 .comment       0x00000000       0x71 D:\Git\Embedeed_Systems\BaseProject\workspace\Debug\board_lowlevel.o
 .comment       0x00000000       0x71 D:\Git\Embedeed_Systems\BaseProject\workspace\Debug\exceptions.o
 .comment       0x00000000       0x71 D:\Git\Embedeed_Systems\BaseProject\workspace\Debug\pio.o
 .comment       0x00000000       0x71 D:\Git\Embedeed_Systems\BaseProject\workspace\Debug\mpu.o
 .comment       0x00000000       0x71 D:\Git\Embedeed_Systems\BaseProject\workspace\Debug\pmc.o
 .comment       0x00000000       0x71 D:\Git\Embedeed_Systems\BaseProject\workspace\Debug\wdt.o
 .comment       0x00000000       0x71 D:\Git\Embedeed_Systems\BaseProject\workspace\Debug\pio_it.o
 .comment       0x00000000       0x71 D:\Git\Embedeed_Systems\BaseProject\workspace\Debug\syscalls.o
 .comment       0x00000000       0x71 D:\Git\Embedeed_Systems\BaseProject\workspace\Debug\system_sam.o
 .comment       0x00000000       0x71 D:\Git\Embedeed_Systems\BaseProject\workspace\Debug\timetick.o
 .comment       0x00000000       0x71 D:\Git\Embedeed_Systems\BaseProject\workspace\Debug\app_scheduler.o
 .comment       0x00000000       0x71 D:\Git\Embedeed_Systems\BaseProject\workspace\Debug\Tasks.o
 .comment       0x00000000       0x71 D:\Git\Embedeed_Systems\BaseProject\workspace\Debug\led.o
 .comment       0x00000000       0x71 D:\Git\Embedeed_Systems\BaseProject\workspace\Debug\main.o
 .comment       0x00000000       0x71 D:\Git\Embedeed_Systems\BaseProject\workspace\Debug\startup_sam.o

.ARM.attributes
                0x00000000       0x35
 .ARM.attributes
                0x00000000       0x37 D:\Git\Embedeed_Systems\BaseProject\workspace\Debug\dbg_console.o
 .ARM.attributes
                0x00000037       0x37 D:\Git\Embedeed_Systems\BaseProject\workspace\Debug\board_lowlevel.o
 .ARM.attributes
                0x0000006e       0x37 D:\Git\Embedeed_Systems\BaseProject\workspace\Debug\exceptions.o
 .ARM.attributes
                0x000000a5       0x37 D:\Git\Embedeed_Systems\BaseProject\workspace\Debug\pio.o
 .ARM.attributes
                0x000000dc       0x37 D:\Git\Embedeed_Systems\BaseProject\workspace\Debug\mpu.o
 .ARM.attributes
                0x00000113       0x37 D:\Git\Embedeed_Systems\BaseProject\workspace\Debug\pmc.o
 .ARM.attributes
                0x0000014a       0x37 D:\Git\Embedeed_Systems\BaseProject\workspace\Debug\wdt.o
 .ARM.attributes
                0x00000181       0x37 D:\Git\Embedeed_Systems\BaseProject\workspace\Debug\pio_it.o
 .ARM.attributes
                0x000001b8       0x37 D:\Git\Embedeed_Systems\BaseProject\workspace\Debug\syscalls.o
 .ARM.attributes
                0x000001ef       0x37 D:\Git\Embedeed_Systems\BaseProject\workspace\Debug\system_sam.o
 .ARM.attributes
                0x00000226       0x37 D:\Git\Embedeed_Systems\BaseProject\workspace\Debug\timetick.o
 .ARM.attributes
                0x0000025d       0x37 D:\Git\Embedeed_Systems\BaseProject\workspace\Debug\app_scheduler.o
 .ARM.attributes
                0x00000294       0x37 D:\Git\Embedeed_Systems\BaseProject\workspace\Debug\Tasks.o
 .ARM.attributes
                0x000002cb       0x37 D:\Git\Embedeed_Systems\BaseProject\workspace\Debug\led.o
 .ARM.attributes
                0x00000302       0x37 D:\Git\Embedeed_Systems\BaseProject\workspace\Debug\main.o
 .ARM.attributes
                0x00000339       0x37 D:\Git\Embedeed_Systems\BaseProject\workspace\Debug\startup_sam.o
 .ARM.attributes
                0x00000370       0x33 d:/program files/isystem/winideaopen9/gcc/arm/bin/../lib/gcc/arm-none-eabi/4.9.3/../../../../arm-none-eabi/lib/cortex-m7\libc.a(lib_a-assert.o)
 .ARM.attributes
                0x000003a3       0x33 d:/program files/isystem/winideaopen9/gcc/arm/bin/../lib/gcc/arm-none-eabi/4.9.3/../../../../arm-none-eabi/lib/cortex-m7\libc.a(lib_a-fiprintf.o)
 .ARM.attributes
                0x000003d6       0x33 d:/program files/isystem/winideaopen9/gcc/arm/bin/../lib/gcc/arm-none-eabi/4.9.3/../../../../arm-none-eabi/lib/cortex-m7\libc.a(lib_a-impure.o)
 .ARM.attributes
                0x00000409       0x21 d:/program files/isystem/winideaopen9/gcc/arm/bin/../lib/gcc/arm-none-eabi/4.9.3/../../../../arm-none-eabi/lib/cortex-m7\libc.a(lib_a-memcpy.o)
 .ARM.attributes
                0x0000042a       0x33 d:/program files/isystem/winideaopen9/gcc/arm/bin/../lib/gcc/arm-none-eabi/4.9.3/../../../../arm-none-eabi/lib/cortex-m7\libc.a(lib_a-printf.o)
 .ARM.attributes
                0x0000045d       0x33 d:/program files/isystem/winideaopen9/gcc/arm/bin/../lib/gcc/arm-none-eabi/4.9.3/../../../../arm-none-eabi/lib/cortex-m7\libc.a(lib_a-putchar.o)
 .ARM.attributes
                0x00000490       0x33 d:/program files/isystem/winideaopen9/gcc/arm/bin/../lib/gcc/arm-none-eabi/4.9.3/../../../../arm-none-eabi/lib/cortex-m7\libc.a(lib_a-setvbuf.o)
 .ARM.attributes
                0x000004c3       0x33 d:/program files/isystem/winideaopen9/gcc/arm/bin/../lib/gcc/arm-none-eabi/4.9.3/../../../../arm-none-eabi/lib/cortex-m7\libc.a(lib_a-vfiprintf.o)
 .ARM.attributes
                0x000004f6       0x33 d:/program files/isystem/winideaopen9/gcc/arm/bin/../lib/gcc/arm-none-eabi/4.9.3/../../../../arm-none-eabi/lib/cortex-m7\libc.a(lib_a-vfprintf.o)
 .ARM.attributes
                0x00000529       0x33 d:/program files/isystem/winideaopen9/gcc/arm/bin/../lib/gcc/arm-none-eabi/4.9.3/../../../../arm-none-eabi/lib/cortex-m7\libc.a(lib_a-wsetup.o)
 .ARM.attributes
                0x0000055c       0x33 d:/program files/isystem/winideaopen9/gcc/arm/bin/../lib/gcc/arm-none-eabi/4.9.3/../../../../arm-none-eabi/lib/cortex-m7\libc.a(lib_a-abort.o)
 .ARM.attributes
                0x0000058f       0x33 d:/program files/isystem/winideaopen9/gcc/arm/bin/../lib/gcc/arm-none-eabi/4.9.3/../../../../arm-none-eabi/lib/cortex-m7\libc.a(lib_a-dtoa.o)
 .ARM.attributes
                0x000005c2       0x33 d:/program files/isystem/winideaopen9/gcc/arm/bin/../lib/gcc/arm-none-eabi/4.9.3/../../../../arm-none-eabi/lib/cortex-m7\libc.a(lib_a-fflush.o)
 .ARM.attributes
                0x000005f5       0x33 d:/program files/isystem/winideaopen9/gcc/arm/bin/../lib/gcc/arm-none-eabi/4.9.3/../../../../arm-none-eabi/lib/cortex-m7\libc.a(lib_a-findfp.o)
 .ARM.attributes
                0x00000628       0x33 d:/program files/isystem/winideaopen9/gcc/arm/bin/../lib/gcc/arm-none-eabi/4.9.3/../../../../arm-none-eabi/lib/cortex-m7\libc.a(lib_a-fputwc.o)
 .ARM.attributes
                0x0000065b       0x33 d:/program files/isystem/winideaopen9/gcc/arm/bin/../lib/gcc/arm-none-eabi/4.9.3/../../../../arm-none-eabi/lib/cortex-m7\libc.a(lib_a-freer.o)
 .ARM.attributes
                0x0000068e       0x33 d:/program files/isystem/winideaopen9/gcc/arm/bin/../lib/gcc/arm-none-eabi/4.9.3/../../../../arm-none-eabi/lib/cortex-m7\libc.a(lib_a-fvwrite.o)
 .ARM.attributes
                0x000006c1       0x33 d:/program files/isystem/winideaopen9/gcc/arm/bin/../lib/gcc/arm-none-eabi/4.9.3/../../../../arm-none-eabi/lib/cortex-m7\libc.a(lib_a-fwalk.o)
 .ARM.attributes
                0x000006f4       0x33 d:/program files/isystem/winideaopen9/gcc/arm/bin/../lib/gcc/arm-none-eabi/4.9.3/../../../../arm-none-eabi/lib/cortex-m7\libc.a(lib_a-locale.o)
 .ARM.attributes
                0x00000727       0x33 d:/program files/isystem/winideaopen9/gcc/arm/bin/../lib/gcc/arm-none-eabi/4.9.3/../../../../arm-none-eabi/lib/cortex-m7\libc.a(lib_a-makebuf.o)
 .ARM.attributes
                0x0000075a       0x33 d:/program files/isystem/winideaopen9/gcc/arm/bin/../lib/gcc/arm-none-eabi/4.9.3/../../../../arm-none-eabi/lib/cortex-m7\libc.a(lib_a-malloc.o)
 .ARM.attributes
                0x0000078d       0x33 d:/program files/isystem/winideaopen9/gcc/arm/bin/../lib/gcc/arm-none-eabi/4.9.3/../../../../arm-none-eabi/lib/cortex-m7\libc.a(lib_a-mallocr.o)
 .ARM.attributes
                0x000007c0       0x33 d:/program files/isystem/winideaopen9/gcc/arm/bin/../lib/gcc/arm-none-eabi/4.9.3/../../../../arm-none-eabi/lib/cortex-m7\libc.a(lib_a-memchr.o)
 .ARM.attributes
                0x000007f3       0x33 d:/program files/isystem/winideaopen9/gcc/arm/bin/../lib/gcc/arm-none-eabi/4.9.3/../../../../arm-none-eabi/lib/cortex-m7\libc.a(lib_a-memmove.o)
 .ARM.attributes
                0x00000826       0x33 d:/program files/isystem/winideaopen9/gcc/arm/bin/../lib/gcc/arm-none-eabi/4.9.3/../../../../arm-none-eabi/lib/cortex-m7\libc.a(lib_a-memset.o)
 .ARM.attributes
                0x00000859       0x33 d:/program files/isystem/winideaopen9/gcc/arm/bin/../lib/gcc/arm-none-eabi/4.9.3/../../../../arm-none-eabi/lib/cortex-m7\libc.a(lib_a-mlock.o)
 .ARM.attributes
                0x0000088c       0x33 d:/program files/isystem/winideaopen9/gcc/arm/bin/../lib/gcc/arm-none-eabi/4.9.3/../../../../arm-none-eabi/lib/cortex-m7\libc.a(lib_a-mprec.o)
 .ARM.attributes
                0x000008bf       0x33 d:/program files/isystem/winideaopen9/gcc/arm/bin/../lib/gcc/arm-none-eabi/4.9.3/../../../../arm-none-eabi/lib/cortex-m7\libc.a(lib_a-putc.o)
 .ARM.attributes
                0x000008f2       0x33 d:/program files/isystem/winideaopen9/gcc/arm/bin/../lib/gcc/arm-none-eabi/4.9.3/../../../../arm-none-eabi/lib/cortex-m7\libc.a(lib_a-reallocr.o)
 .ARM.attributes
                0x00000925       0x33 d:/program files/isystem/winideaopen9/gcc/arm/bin/../lib/gcc/arm-none-eabi/4.9.3/../../../../arm-none-eabi/lib/cortex-m7\libc.a(lib_a-s_fpclassify.o)
 .ARM.attributes
                0x00000958       0x33 d:/program files/isystem/winideaopen9/gcc/arm/bin/../lib/gcc/arm-none-eabi/4.9.3/../../../../arm-none-eabi/lib/cortex-m7\libc.a(lib_a-sbrkr.o)
 .ARM.attributes
                0x0000098b       0x33 d:/program files/isystem/winideaopen9/gcc/arm/bin/../lib/gcc/arm-none-eabi/4.9.3/../../../../arm-none-eabi/lib/cortex-m7\libc.a(lib_a-signal.o)
 .ARM.attributes
                0x000009be       0x33 d:/program files/isystem/winideaopen9/gcc/arm/bin/../lib/gcc/arm-none-eabi/4.9.3/../../../../arm-none-eabi/lib/cortex-m7\libc.a(lib_a-signalr.o)
 .ARM.attributes
                0x000009f1       0x33 d:/program files/isystem/winideaopen9/gcc/arm/bin/../lib/gcc/arm-none-eabi/4.9.3/../../../../arm-none-eabi/lib/cortex-m7\libc.a(lib_a-stdio.o)
 .ARM.attributes
                0x00000a24       0x33 d:/program files/isystem/winideaopen9/gcc/arm/bin/../lib/gcc/arm-none-eabi/4.9.3/../../../../arm-none-eabi/lib/cortex-m7\libc.a(lib_a-strlen.o)
 .ARM.attributes
                0x00000a57       0x33 d:/program files/isystem/winideaopen9/gcc/arm/bin/../lib/gcc/arm-none-eabi/4.9.3/../../../../arm-none-eabi/lib/cortex-m7\libc.a(lib_a-wbuf.o)
 .ARM.attributes
                0x00000a8a       0x33 d:/program files/isystem/winideaopen9/gcc/arm/bin/../lib/gcc/arm-none-eabi/4.9.3/../../../../arm-none-eabi/lib/cortex-m7\libc.a(lib_a-wcrtomb.o)
 .ARM.attributes
                0x00000abd       0x33 d:/program files/isystem/winideaopen9/gcc/arm/bin/../lib/gcc/arm-none-eabi/4.9.3/../../../../arm-none-eabi/lib/cortex-m7\libc.a(lib_a-wctomb_r.o)
 .ARM.attributes
                0x00000af0       0x33 d:/program files/isystem/winideaopen9/gcc/arm/bin/../lib/gcc/arm-none-eabi/4.9.3/../../../../arm-none-eabi/lib/cortex-m7\libc.a(lib_a-writer.o)
 .ARM.attributes
                0x00000b23       0x33 d:/program files/isystem/winideaopen9/gcc/arm/bin/../lib/gcc/arm-none-eabi/4.9.3/../../../../arm-none-eabi/lib/cortex-m7\libc.a(lib_a-callocr.o)
 .ARM.attributes
                0x00000b56       0x33 d:/program files/isystem/winideaopen9/gcc/arm/bin/../lib/gcc/arm-none-eabi/4.9.3/../../../../arm-none-eabi/lib/cortex-m7\libc.a(lib_a-closer.o)
 .ARM.attributes
                0x00000b89       0x33 d:/program files/isystem/winideaopen9/gcc/arm/bin/../lib/gcc/arm-none-eabi/4.9.3/../../../../arm-none-eabi/lib/cortex-m7\libc.a(lib_a-fclose.o)
 .ARM.attributes
                0x00000bbc       0x33 d:/program files/isystem/winideaopen9/gcc/arm/bin/../lib/gcc/arm-none-eabi/4.9.3/../../../../arm-none-eabi/lib/cortex-m7\libc.a(lib_a-fstatr.o)
 .ARM.attributes
                0x00000bef       0x33 d:/program files/isystem/winideaopen9/gcc/arm/bin/../lib/gcc/arm-none-eabi/4.9.3/../../../../arm-none-eabi/lib/cortex-m7\libc.a(lib_a-isattyr.o)
 .ARM.attributes
                0x00000c22       0x33 d:/program files/isystem/winideaopen9/gcc/arm/bin/../lib/gcc/arm-none-eabi/4.9.3/../../../../arm-none-eabi/lib/cortex-m7\libc.a(lib_a-lseekr.o)
 .ARM.attributes
                0x00000c55       0x33 d:/program files/isystem/winideaopen9/gcc/arm/bin/../lib/gcc/arm-none-eabi/4.9.3/../../../../arm-none-eabi/lib/cortex-m7\libc.a(lib_a-readr.o)
 .ARM.attributes
                0x00000c88       0x33 d:/program files/isystem/winideaopen9/gcc/arm/bin/../lib/gcc/arm-none-eabi/4.9.3/../../../../arm-none-eabi/lib/cortex-m7\libc.a(lib_a-reent.o)
 .ARM.attributes
                0x00000cbb       0x23 d:/program files/isystem/winideaopen9/gcc/arm/bin/../lib/gcc/arm-none-eabi/4.9.3/cortex-m7\libgcc.a(_arm_addsubdf3.o)
 .ARM.attributes
                0x00000cde       0x23 d:/program files/isystem/winideaopen9/gcc/arm/bin/../lib/gcc/arm-none-eabi/4.9.3/cortex-m7\libgcc.a(_arm_muldivdf3.o)
 .ARM.attributes
                0x00000d01       0x23 d:/program files/isystem/winideaopen9/gcc/arm/bin/../lib/gcc/arm-none-eabi/4.9.3/cortex-m7\libgcc.a(_arm_cmpdf2.o)
 .ARM.attributes
                0x00000d24       0x23 d:/program files/isystem/winideaopen9/gcc/arm/bin/../lib/gcc/arm-none-eabi/4.9.3/cortex-m7\libgcc.a(_arm_fixdfsi.o)
 .ARM.attributes
                0x00000d47       0x23 d:/program files/isystem/winideaopen9/gcc/arm/bin/../lib/gcc/arm-none-eabi/4.9.3/cortex-m7\libgcc.a(_aeabi_uldivmod.o)
 .ARM.attributes
                0x00000d6a       0x33 d:/program files/isystem/winideaopen9/gcc/arm/bin/../lib/gcc/arm-none-eabi/4.9.3/cortex-m7\libgcc.a(bpabi.o)
 .ARM.attributes
                0x00000d9d       0x23 d:/program files/isystem/winideaopen9/gcc/arm/bin/../lib/gcc/arm-none-eabi/4.9.3/cortex-m7\libgcc.a(_dvmd_tls.o)
 .ARM.attributes
                0x00000dc0       0x33 d:/program files/isystem/winideaopen9/gcc/arm/bin/../lib/gcc/arm-none-eabi/4.9.3/cortex-m7\libgcc.a(_divdi3.o)
 .ARM.attributes
                0x00000df3       0x33 d:/program files/isystem/winideaopen9/gcc/arm/bin/../lib/gcc/arm-none-eabi/4.9.3/cortex-m7\libgcc.a(_udivdi3.o)

.debug_frame    0x00000000     0x2570
 .debug_frame   0x00000000      0x1a4 D:\Git\Embedeed_Systems\BaseProject\workspace\Debug\dbg_console.o
 .debug_frame   0x000001a4       0x50 D:\Git\Embedeed_Systems\BaseProject\workspace\Debug\board_lowlevel.o
 .debug_frame   0x000001f4       0xcc D:\Git\Embedeed_Systems\BaseProject\workspace\Debug\exceptions.o
 .debug_frame   0x000002c0      0x294 D:\Git\Embedeed_Systems\BaseProject\workspace\Debug\pio.o
 .debug_frame   0x00000554       0xf4 D:\Git\Embedeed_Systems\BaseProject\workspace\Debug\mpu.o
 .debug_frame   0x00000648      0x35c D:\Git\Embedeed_Systems\BaseProject\workspace\Debug\pmc.o
 .debug_frame   0x000009a4       0xd8 D:\Git\Embedeed_Systems\BaseProject\workspace\Debug\wdt.o
 .debug_frame   0x00000a7c      0x1f0 D:\Git\Embedeed_Systems\BaseProject\workspace\Debug\pio_it.o
 .debug_frame   0x00000c6c      0x1b4 D:\Git\Embedeed_Systems\BaseProject\workspace\Debug\syscalls.o
 .debug_frame   0x00000e20       0xc0 D:\Git\Embedeed_Systems\BaseProject\workspace\Debug\system_sam.o
 .debug_frame   0x00000ee0      0x154 D:\Git\Embedeed_Systems\BaseProject\workspace\Debug\timetick.o
 .debug_frame   0x00001034       0xb8 D:\Git\Embedeed_Systems\BaseProject\workspace\Debug\app_scheduler.o
 .debug_frame   0x000010ec       0xc8 D:\Git\Embedeed_Systems\BaseProject\workspace\Debug\Tasks.o
 .debug_frame   0x000011b4       0xa0 D:\Git\Embedeed_Systems\BaseProject\workspace\Debug\led.o
 .debug_frame   0x00001254       0x90 D:\Git\Embedeed_Systems\BaseProject\workspace\Debug\main.o
 .debug_frame   0x000012e4       0x68 D:\Git\Embedeed_Systems\BaseProject\workspace\Debug\startup_sam.o
 .debug_frame   0x0000134c       0x40 d:/program files/isystem/winideaopen9/gcc/arm/bin/../lib/gcc/arm-none-eabi/4.9.3/../../../../arm-none-eabi/lib/cortex-m7\libc.a(lib_a-assert.o)
 .debug_frame   0x0000138c       0x74 d:/program files/isystem/winideaopen9/gcc/arm/bin/../lib/gcc/arm-none-eabi/4.9.3/../../../../arm-none-eabi/lib/cortex-m7\libc.a(lib_a-fiprintf.o)
 .debug_frame   0x00001400       0x78 d:/program files/isystem/winideaopen9/gcc/arm/bin/../lib/gcc/arm-none-eabi/4.9.3/../../../../arm-none-eabi/lib/cortex-m7\libc.a(lib_a-printf.o)
 .debug_frame   0x00001478       0x30 d:/program files/isystem/winideaopen9/gcc/arm/bin/../lib/gcc/arm-none-eabi/4.9.3/../../../../arm-none-eabi/lib/cortex-m7\libc.a(lib_a-putchar.o)
 .debug_frame   0x000014a8       0x34 d:/program files/isystem/winideaopen9/gcc/arm/bin/../lib/gcc/arm-none-eabi/4.9.3/../../../../arm-none-eabi/lib/cortex-m7\libc.a(lib_a-setvbuf.o)